Archive member included to satisfy reference by file (symbol)

/home/noah/.pico-sdk/toolchain/13_2_Rel1/bin/../lib/gcc/arm-none-eabi/13.2.1/thumb/v6-m/nofp/libgcc.a(_dvmd_tls.o)
                              CMakeFiles/HOTAS.dir/home/noah/.pico-sdk/sdk/2.0.0/src/rp2_common/pico_divider/divider_hardware.S.obj (__aeabi_idiv0)
/home/noah/.pico-sdk/toolchain/13_2_Rel1/bin/../lib/gcc/arm-none-eabi/13.2.1/../../../../arm-none-eabi/lib/thumb/v6-m/nofp/libg.a(libc_a-lcltime_r.o)
                              CMakeFiles/HOTAS.dir/home/noah/.pico-sdk/sdk/2.0.0/src/common/pico_util/datetime.c.obj (localtime_r)
/home/noah/.pico-sdk/toolchain/13_2_Rel1/bin/../lib/gcc/arm-none-eabi/13.2.1/../../../../arm-none-eabi/lib/thumb/v6-m/nofp/libg.a(libc_a-mktime.o)
                              CMakeFiles/HOTAS.dir/home/noah/.pico-sdk/sdk/2.0.0/src/common/pico_util/datetime.c.obj (mktime)
/home/noah/.pico-sdk/toolchain/13_2_Rel1/bin/../lib/gcc/arm-none-eabi/13.2.1/../../../../arm-none-eabi/lib/thumb/v6-m/nofp/libg.a(libc_a-month_lengths.o)
                              /home/noah/.pico-sdk/toolchain/13_2_Rel1/bin/../lib/gcc/arm-none-eabi/13.2.1/../../../../arm-none-eabi/lib/thumb/v6-m/nofp/libg.a(libc_a-lcltime_r.o) (__month_lengths)
/home/noah/.pico-sdk/toolchain/13_2_Rel1/bin/../lib/gcc/arm-none-eabi/13.2.1/../../../../arm-none-eabi/lib/thumb/v6-m/nofp/libg.a(libc_a-tzcalc_limits.o)
                              /home/noah/.pico-sdk/toolchain/13_2_Rel1/bin/../lib/gcc/arm-none-eabi/13.2.1/../../../../arm-none-eabi/lib/thumb/v6-m/nofp/libg.a(libc_a-lcltime_r.o) (__tzcalc_limits)
/home/noah/.pico-sdk/toolchain/13_2_Rel1/bin/../lib/gcc/arm-none-eabi/13.2.1/../../../../arm-none-eabi/lib/thumb/v6-m/nofp/libg.a(libc_a-tzlock.o)
                              /home/noah/.pico-sdk/toolchain/13_2_Rel1/bin/../lib/gcc/arm-none-eabi/13.2.1/../../../../arm-none-eabi/lib/thumb/v6-m/nofp/libg.a(libc_a-lcltime_r.o) (__tz_lock)
/home/noah/.pico-sdk/toolchain/13_2_Rel1/bin/../lib/gcc/arm-none-eabi/13.2.1/../../../../arm-none-eabi/lib/thumb/v6-m/nofp/libg.a(libc_a-malloc.o)
                              CMakeFiles/HOTAS.dir/home/noah/.pico-sdk/sdk/2.0.0/src/rp2_common/pico_malloc/malloc.c.obj (malloc)
/home/noah/.pico-sdk/toolchain/13_2_Rel1/bin/../lib/gcc/arm-none-eabi/13.2.1/../../../../arm-none-eabi/lib/thumb/v6-m/nofp/libg.a(libc_a-mallocr.o)
                              /home/noah/.pico-sdk/toolchain/13_2_Rel1/bin/../lib/gcc/arm-none-eabi/13.2.1/../../../../arm-none-eabi/lib/thumb/v6-m/nofp/libg.a(libc_a-malloc.o) (_malloc_r)
/home/noah/.pico-sdk/toolchain/13_2_Rel1/bin/../lib/gcc/arm-none-eabi/13.2.1/../../../../arm-none-eabi/lib/thumb/v6-m/nofp/libg.a(libc_a-memcmp.o)
                              CMakeFiles/HOTAS.dir/home/noah/.pico-sdk/sdk/2.0.0/src/rp2_common/pico_atomic/atomic.c.obj (memcmp)
/home/noah/.pico-sdk/toolchain/13_2_Rel1/bin/../lib/gcc/arm-none-eabi/13.2.1/../../../../arm-none-eabi/lib/thumb/v6-m/nofp/libg.a(libc_a-memmove.o)
                              CMakeFiles/HOTAS.dir/home/noah/.pico-sdk/sdk/2.0.0/lib/tinyusb/src/class/msc/msc_device.c.obj (memmove)
/home/noah/.pico-sdk/toolchain/13_2_Rel1/bin/../lib/gcc/arm-none-eabi/13.2.1/../../../../arm-none-eabi/lib/thumb/v6-m/nofp/libg.a(libc_a-tzset.o)
                              /home/noah/.pico-sdk/toolchain/13_2_Rel1/bin/../lib/gcc/arm-none-eabi/13.2.1/../../../../arm-none-eabi/lib/thumb/v6-m/nofp/libg.a(libc_a-lcltime_r.o) (_tzset_unlocked)
/home/noah/.pico-sdk/toolchain/13_2_Rel1/bin/../lib/gcc/arm-none-eabi/13.2.1/../../../../arm-none-eabi/lib/thumb/v6-m/nofp/libg.a(libc_a-tzset_r.o)
                              /home/noah/.pico-sdk/toolchain/13_2_Rel1/bin/../lib/gcc/arm-none-eabi/13.2.1/../../../../arm-none-eabi/lib/thumb/v6-m/nofp/libg.a(libc_a-tzset.o) (_tzset_unlocked_r)
/home/noah/.pico-sdk/toolchain/13_2_Rel1/bin/../lib/gcc/arm-none-eabi/13.2.1/../../../../arm-none-eabi/lib/thumb/v6-m/nofp/libg.a(libc_a-init.o)
                              /home/noah/.pico-sdk/toolchain/13_2_Rel1/bin/../lib/gcc/arm-none-eabi/13.2.1/../../../../arm-none-eabi/lib/thumb/v6-m/nofp/crt0.o (__libc_init_array)
/home/noah/.pico-sdk/toolchain/13_2_Rel1/bin/../lib/gcc/arm-none-eabi/13.2.1/../../../../arm-none-eabi/lib/thumb/v6-m/nofp/libg.a(libc_a-tzvars.o)
                              /home/noah/.pico-sdk/toolchain/13_2_Rel1/bin/../lib/gcc/arm-none-eabi/13.2.1/../../../../arm-none-eabi/lib/thumb/v6-m/nofp/libg.a(libc_a-tzset_r.o) (_timezone)
/home/noah/.pico-sdk/toolchain/13_2_Rel1/bin/../lib/gcc/arm-none-eabi/13.2.1/../../../../arm-none-eabi/lib/thumb/v6-m/nofp/libg.a(libc_a-lock.o)
                              /home/noah/.pico-sdk/toolchain/13_2_Rel1/bin/../lib/gcc/arm-none-eabi/13.2.1/../../../../arm-none-eabi/lib/thumb/v6-m/nofp/libg.a(libc_a-tzlock.o) (__retarget_lock_acquire)
/home/noah/.pico-sdk/toolchain/13_2_Rel1/bin/../lib/gcc/arm-none-eabi/13.2.1/../../../../arm-none-eabi/lib/thumb/v6-m/nofp/libg.a(libc_a-sysconf.o)
[...]
Memory Configuration

Name             Origin             Length             Attributes
FLASH            0x10000000         0x00200000         xr
RAM              0x20000000         0x00040000         xrw
SCRATCH_X        0x20040000         0x00001000         xrw
SCRATCH_Y        0x20041000         0x00001000         xrw
*default*        0x00000000         0xffffffff

Linker script and memory map

LOAD /home/noah/.pico-sdk/toolchain/13_2_Rel1/bin/../lib/gcc/arm-none-eabi/13.2.1/thumb/v6-m/nofp/crti.o
LOAD /home/noah/.pico-sdk/toolchain/13_2_Rel1/bin/../lib/gcc/arm-none-eabi/13.2.1/thumb/v6-m/nofp/crtbegin.o
LOAD /home/noah/.pico-sdk/toolchain/13_2_Rel1/bin/../lib/gcc/arm-none-eabi/13.2.1/../../../../arm-none-eabi/lib/thumb/v6-m/nofp/crt0.o

.flash_begin    0x10000000        0x0
                0x10000000                        __flash_binary_start = .

.boot2          0x10000000      0x100
                0x10000000                        __boot2_start__ = .
 *(.boot2)
 .boot2         0x10000000      0x100 /tmp/ccgk7WjJ.o
                0x10000100                        __boot2_end__ = .
                0x00000001                        ASSERT (((__boot2_end__ - __boot2_start__) == 0x100), ERROR: Pico second stage bootloader must be 256 bytes in size)

.text           0x10000100     0xf3a8
                0x10000100                        __logical_binary_start = .
 *(.vectors)
 .vectors       0x10000100       0xd4 CMakeFiles/HOTAS.dir/home/noah/.pico-sdk/sdk/2.0.0/src/rp2_common/pico_crt0/crt0.S.obj
                0x10000100                __vectors
                0x10000100                __VECTOR_TABLE
                0x100001c0                isr_invalid
                0x100001c0                __default_isrs_start
                0x100001c2                isr_nmi
                0x100001c4                isr_hardfault
                0x100001c6                isr_svcall
                0x100001c8                isr_pendsv
                0x100001ca                isr_systick
                0x100001cc                isr_irq30
                0x100001cc                __unhandled_user_irq
                0x100001cc                isr_irq13
                0x100001cc                isr_irq27
                0x100001cc                isr_irq31
                0x100001cc                isr_irq5
                0x100001cc                isr_irq11
                0x100001cc                isr_irq23
                0x100001cc                isr_irq18
                0x100001cc                isr_irq28
                0x100001cc                isr_irq19
                0x100001cc                isr_irq0
                0x100001cc                isr_irq6
                0x100001cc                isr_irq22
                0x100001cc                isr_irq17
                0x100001cc                isr_irq14
                0x100001cc                isr_irq2
                0x100001cc                isr_irq10
                0x100001cc                isr_irq8
                0x100001cc                isr_irq24
                0x100001cc                isr_irq1
                0x100001cc                isr_irq7
                0x100001cc                isr_irq21
                0x100001cc                isr_irq20
                0x100001cc                isr_irq15
                0x100001cc                isr_irq25
                0x100001cc                isr_irq4
                0x100001cc                isr_irq16
                0x100001cc                isr_irq29
                0x100001cc                isr_irq26
                0x100001cc                __default_isrs_end
                0x100001cc                isr_irq3
                0x100001cc                isr_irq12
                0x100001cc                isr_irq9
                0x100001d2                unhandled_user_irq_num_in_r0
 *(.binary_info_header)
 .binary_info_header
                0x100001d4       0x14 CMakeFiles/HOTAS.dir/home/noah/.pico-sdk/sdk/2.0.0/src/rp2_common/pico_crt0/crt0.S.obj
                0x100001e8                        __binary_info_header_end = .
 *(.embedded_block)
                0x100001e8                        __embedded_block_end = .
 *(.reset)
 .reset         0x100001e8       0x9c CMakeFiles/HOTAS.dir/home/noah/.pico-sdk/sdk/2.0.0/src/rp2_common/pico_crt0/crt0.S.obj
                0x100001e8                _entry_point
 *(.init)
 .init          0x10000284        0x4 /home/noah/.pico-sdk/toolchain/13_2_Rel1/bin/../lib/gcc/arm-none-eabi/13.2.1/thumb/v6-m/nofp/crti.o
                0x10000284                _init
 *(EXCLUDE_FILE(*libm.a: *libc.a:*lib_a-mem*.o *libgcc.a:) .text*)
 .text.register_tm_clones
                0x10000288       0x28 /home/noah/.pico-sdk/toolchain/13_2_Rel1/bin/../lib/gcc/arm-none-eabi/13.2.1/thumb/v6-m/nofp/crtbegin.o
 .text.frame_dummy
                0x100002b0       0x24 /home/noah/.pico-sdk/toolchain/13_2_Rel1/bin/../lib/gcc/arm-none-eabi/13.2.1/thumb/v6-m/nofp/crtbegin.o
 .text._Z11msc_read_cbmPvm
                0x100002d4        0x8 CMakeFiles/HOTAS.dir/src/main.cpp.obj
                0x100002d4                msc_read_cb(unsigned long, void*, unsigned long)
 .text._Z12msc_flush_cbv
                0x100002dc        0x4 CMakeFiles/HOTAS.dir/src/main.cpp.obj
                0x100002dc                msc_flush_cb()
 .text._Z19set_report_callbackh17hid_report_type_tPKht
                0x100002e0       0x30 CMakeFiles/HOTAS.dir/src/main.cpp.obj
                0x100002e0                set_report_callback(unsigned char, hid_report_type_t, unsigned char const*, unsigned short)
 .text._Z10blink_taskPv
                0x10000310       0xd8 CMakeFiles/HOTAS.dir/src/main.cpp.obj
                0x10000310                blink_task(void*)
 .text._Z19get_report_callbackh17hid_report_type_tPht
                0x100003e8       0x8c CMakeFiles/HOTAS.dir/src/main.cpp.obj
                0x100003e8                get_report_callback(unsigned char, hid_report_type_t, unsigned char*, unsigned short)
 .text._Z12msc_write_cbmPhm
                0x10000474        0x8 CMakeFiles/HOTAS.dir/src/main.cpp.obj
                0x10000474                msc_write_cb(unsigned long, unsigned char*, unsigned long)
 .text._Z9main_taskPv
                0x1000047c      0x144 CMakeFiles/HOTAS.dir/src/main.cpp.obj
                0x1000047c                main_task(void*)
 .text._ZL7do_workP13async_contextP21async_work_on_timeout
                0x100005c0       0xb8 CMakeFiles/HOTAS.dir/src/main.cpp.obj
 .text._Z9hid_inputPPhm.constprop.0
                0x10000678       0x70 CMakeFiles/HOTAS.dir/src/main.cpp.obj
 .text._Z9hid_usagePPhm
                0x100006e8       0x6c CMakeFiles/HOTAS.dir/src/main.cpp.obj
                0x100006e8                hid_usage(unsigned char**, unsigned long)
 .text._Z9hid_inputPPhm
                0x10000754       0x8c CMakeFiles/HOTAS.dir/src/main.cpp.obj
                0x10000754                hid_input(unsigned char**, unsigned long)
 .text._Z13hid_usage_maxPPhm
                0x100007e0       0xa0 CMakeFiles/HOTAS.dir/src/main.cpp.obj
                0x100007e0                hid_usage_max(unsigned char**, unsigned long)
 .text._Z22makeJoystickDescriptorhhhhhPhPj
                0x10000880      0x400 CMakeFiles/HOTAS.dir/src/main.cpp.obj
                0x10000880                makeJoystickDescriptor(unsigned char, unsigned char, unsigned char, unsigned char, unsigned char, unsigned char*, unsigned int*)
 .text._Z22makeKeyboardDescriptorhPhPj
                0x10000c80      0x278 CMakeFiles/HOTAS.dir/src/main.cpp.obj
                0x10000c80                makeKeyboardDescriptor(unsigned char, unsigned char*, unsigned int*)
 .text._Z19makeMouseDescriptorhPhPj
                0x10000ef8      0x378 CMakeFiles/HOTAS.dir/src/main.cpp.obj
                0x10000ef8                makeMouseDescriptor(unsigned char, unsigned char*, unsigned int*)
 .text._Z7vLaunchv
                0x10001270       0x34 CMakeFiles/HOTAS.dir/src/main.cpp.obj
                0x10001270                vLaunch()
 .text.startup.main
                0x100012a4       0x94 CMakeFiles/HOTAS.dir/src/main.cpp.obj
                0x100012a4                main
 .text._Z20setup_hid_descriptorv
                0x10001338      0x2e4 CMakeFiles/HOTAS.dir/src/main.cpp.obj
                0x10001338                setup_hid_descriptor()
 .text._Z22setup_usb_configuratorv
                0x1000161c      0x188 CMakeFiles/HOTAS.dir/src/main.cpp.obj
                0x1000161c                setup_usb_configurator()
 .text._Z8hid_taskPv
                0x100017a4      0x174 CMakeFiles/HOTAS.dir/src/main.cpp.obj
                0x100017a4                hid_task(void*)
 .text.tud_mount_cb
                0x10001918       0x10 CMakeFiles/HOTAS.dir/src/main.cpp.obj
                0x10001918                tud_mount_cb
 .text.tud_umount_cb
                0x10001928        0xc CMakeFiles/HOTAS.dir/src/main.cpp.obj
                0x10001928                tud_umount_cb
 .text.tud_suspend_cb
                0x10001934       0x10 CMakeFiles/HOTAS.dir/src/main.cpp.obj
                0x10001934                tud_suspend_cb
 .text.tud_resume_cb
                0x10001944       0x28 CMakeFiles/HOTAS.dir/src/main.cpp.obj
                0x10001944                tud_resume_cb
 .text.startup._GLOBAL__sub_I_LOW
                0x1000196c       0x50 CMakeFiles/HOTAS.dir/src/main.cpp.obj
 .text.end_task_func
                0x100019bc        0xc CMakeFiles/HOTAS.dir/home/noah/.pico-sdk/sdk/2.0.0/src/rp2_common/pico_async_context/async_context_freertos.c.obj
 .text.async_context_freertos_lock_check
                0x100019c8        0x4 CMakeFiles/HOTAS.dir/home/noah/.pico-sdk/sdk/2.0.0/src/rp2_common/pico_async_context/async_context_freertos.c.obj
 .text.async_context_freertos_acquire_lock_blocking
                0x100019cc       0x18 CMakeFiles/HOTAS.dir/home/noah/.pico-sdk/sdk/2.0.0/src/rp2_common/pico_async_context/async_context_freertos.c.obj
 .text.handle_sync_func_call
                0x100019e4       0x28 CMakeFiles/HOTAS.dir/home/noah/.pico-sdk/sdk/2.0.0/src/rp2_common/pico_async_context/async_context_freertos.c.obj
 .text.async_context_freertos_wait_for_work_until
                0x10001a0c       0x7c CMakeFiles/HOTAS.dir/home/noah/.pico-sdk/sdk/2.0.0/src/rp2_common/pico_async_context/async_context_freertos.c.obj
 .text.async_context_freertos_wait_until
                0x10001a88       0x48 CMakeFiles/HOTAS.dir/home/noah/.pico-sdk/sdk/2.0.0/src/rp2_common/pico_async_context/async_context_freertos.c.obj
 .text.async_context_freertos_deinit
                0x10001ad0       0x50 CMakeFiles/HOTAS.dir/home/noah/.pico-sdk/sdk/2.0.0/src/rp2_common/pico_async_context/async_context_freertos.c.obj
                0x10001ad0                async_context_freertos_deinit
 .text.async_context_freertos_execute_sync
                0x10001b20       0x64 CMakeFiles/HOTAS.dir/home/noah/.pico-sdk/sdk/2.0.0/src/rp2_common/pico_async_context/async_context_freertos.c.obj
                0x10001b20                async_context_freertos_execute_sync
 .text.async_context_freertos_set_work_pending
                0x10001b84       0x54 CMakeFiles/HOTAS.dir/home/noah/.pico-sdk/sdk/2.0.0/src/rp2_common/pico_async_context/async_context_freertos.c.obj
 .text.timer_handler
                0x10001bd8       0x54 CMakeFiles/HOTAS.dir/home/noah/.pico-sdk/sdk/2.0.0/src/rp2_common/pico_async_context/async_context_freertos.c.obj
 .text.async_context_task
                0x10001c2c      0x1a0 CMakeFiles/HOTAS.dir/home/noah/.pico-sdk/sdk/2.0.0/src/rp2_common/pico_async_context/async_context_freertos.c.obj
 .text.async_context_freertos_remove_when_pending_worker
                0x10001dcc      0x120 CMakeFiles/HOTAS.dir/home/noah/.pico-sdk/sdk/2.0.0/src/rp2_common/pico_async_context/async_context_freertos.c.obj
 .text.async_context_freertos_release_lock
                0x10001eec      0x100 CMakeFiles/HOTAS.dir/home/noah/.pico-sdk/sdk/2.0.0/src/rp2_common/pico_async_context/async_context_freertos.c.obj
 .text.async_context_freertos_add_at_time_worker
                0x10001fec      0x120 CMakeFiles/HOTAS.dir/home/noah/.pico-sdk/sdk/2.0.0/src/rp2_common/pico_async_context/async_context_freertos.c.obj
 .text.async_context_freertos_add_when_pending_worker
                0x1000210c      0x120 CMakeFiles/HOTAS.dir/home/noah/.pico-sdk/sdk/2.0.0/src/rp2_common/pico_async_context/async_context_freertos.c.obj
 .text.async_context_freertos_remove_at_time_worker
                0x1000222c      0x120 CMakeFiles/HOTAS.dir/home/noah/.pico-sdk/sdk/2.0.0/src/rp2_common/pico_async_context/async_context_freertos.c.obj
 .text.async_context_freertos_init
                0x1000234c       0xb0 CMakeFiles/HOTAS.dir/home/noah/.pico-sdk/sdk/2.0.0/src/rp2_common/pico_async_context/async_context_freertos.c.obj
                0x1000234c                async_context_freertos_init
 .text.async_context_base_add_at_time_worker
                0x100023fc       0x24 CMakeFiles/HOTAS.dir/home/noah/.pico-sdk/sdk/2.0.0/src/rp2_common/pico_async_context/async_context_base.c.obj
                0x100023fc                async_context_base_add_at_time_worker
 .text.async_context_base_remove_at_time_worker
                0x10002420       0x28 CMakeFiles/HOTAS.dir/home/noah/.pico-sdk/sdk/2.0.0/src/rp2_common/pico_async_context/async_context_base.c.obj
                0x10002420                async_context_base_remove_at_time_worker
 .text.async_context_base_add_when_pending_worker
                0x10002448       0x24 CMakeFiles/HOTAS.dir/home/noah/.pico-sdk/sdk/2.0.0/src/rp2_common/pico_async_context/async_context_base.c.obj
                0x10002448                async_context_base_add_when_pending_worker
 .text.async_context_base_remove_when_pending_worker
                0x1000246c       0x28 CMakeFiles/HOTAS.dir/home/noah/.pico-sdk/sdk/2.0.0/src/rp2_common/pico_async_context/async_context_base.c.obj
                0x1000246c                async_context_base_remove_when_pending_worker
 .text.async_context_base_execute_once
                0x10002494      0x108 CMakeFiles/HOTAS.dir/home/noah/.pico-sdk/sdk/2.0.0/src/rp2_common/pico_async_context/async_context_base.c.obj
                0x10002494                async_context_base_execute_once
 .text.rp2040_chip_version
                0x1000259c        0xc CMakeFiles/HOTAS.dir/home/noah/.pico-sdk/sdk/2.0.0/src/rp2040/pico_platform/platform.c.obj
                0x1000259c                rp2040_chip_version
 .text.panic    0x100025a8       0x30 CMakeFiles/HOTAS.dir/home/noah/.pico-sdk/sdk/2.0.0/src/rp2_common/pico_platform_panic/panic.c.obj
                0x100025a8                panic
 .text.panic_unsupported
                0x100025d8        0xc CMakeFiles/HOTAS.dir/home/noah/.pico-sdk/sdk/2.0.0/src/rp2_common/pico_platform_panic/panic.c.obj
                0x100025d8                panic_unsupported
 .text.pvPortMalloc
                0x100025e4      0x124 CMakeFiles/HOTAS.dir/freertos/portable/MemMang/heap_4.c.obj
                0x100025e4                pvPortMalloc
 .text.vPortFree
                0x10002708       0x98 CMakeFiles/HOTAS.dir/freertos/portable/MemMang/heap_4.c.obj
                0x10002708                vPortFree
 .text.vPortSVCHandler
                0x100027a0        0x4 CMakeFiles/HOTAS.dir/freertos/portable/ThirdParty/GCC/RP2040/port.c.obj
                0x100027a0                vPortSVCHandler
 *fill*         0x100027a4        0xc 
 .text.vPortStartFirstTask
                0x100027b0       0x38 CMakeFiles/HOTAS.dir/freertos/portable/ThirdParty/GCC/RP2040/port.c.obj
 .text.prvFIFOInterruptHandler
                0x100027e8       0x2c CMakeFiles/HOTAS.dir/freertos/portable/ThirdParty/GCC/RP2040/port.c.obj
 *fill*         0x10002814        0xc 
 .text.xPortPendSVHandler
                0x10002820       0x78 CMakeFiles/HOTAS.dir/freertos/portable/ThirdParty/GCC/RP2040/port.c.obj
                0x10002820                xPortPendSVHandler
 .text.xPortSysTickHandler
                0x10002898       0x24 CMakeFiles/HOTAS.dir/freertos/portable/ThirdParty/GCC/RP2040/port.c.obj
                0x10002898                xPortSysTickHandler
 .text.prvTaskExitError
                0x100028bc        0x8 CMakeFiles/HOTAS.dir/freertos/portable/ThirdParty/GCC/RP2040/port.c.obj
 .text.pxPortInitialiseStack
                0x100028c4       0x20 CMakeFiles/HOTAS.dir/freertos/portable/ThirdParty/GCC/RP2040/port.c.obj
                0x100028c4                pxPortInitialiseStack
 .text.vPortYield
                0x100028e4       0x18 CMakeFiles/HOTAS.dir/freertos/portable/ThirdParty/GCC/RP2040/port.c.obj
                0x100028e4                vPortYield
 .text.vPortEnableInterrupts
                0x100028fc       0x30 CMakeFiles/HOTAS.dir/freertos/portable/ThirdParty/GCC/RP2040/port.c.obj
                0x100028fc                vPortEnableInterrupts
 .text.ulSetInterruptMaskFromISR
                0x1000292c        0x8 CMakeFiles/HOTAS.dir/freertos/portable/ThirdParty/GCC/RP2040/port.c.obj
                0x1000292c                ulSetInterruptMaskFromISR
 .text.vClearInterruptMaskFromISR
                0x10002934        0x8 CMakeFiles/HOTAS.dir/freertos/portable/ThirdParty/GCC/RP2040/port.c.obj
                0x10002934                vClearInterruptMaskFromISR
 .text.vYieldCore
                0x1000293c        0xc CMakeFiles/HOTAS.dir/freertos/portable/ThirdParty/GCC/RP2040/port.c.obj
                0x1000293c                vYieldCore
 .text.vPortSetupTimerInterrupt
                0x10002948       0x34 CMakeFiles/HOTAS.dir/freertos/portable/ThirdParty/GCC/RP2040/port.c.obj
                0x10002948                vPortSetupTimerInterrupt
 .text.xPortStartSchedulerOnCore.isra.0
                0x1000297c       0xa4 CMakeFiles/HOTAS.dir/freertos/portable/ThirdParty/GCC/RP2040/port.c.obj
 .text.prvDisableInterruptsAndPortStartSchedulerOnCore
                0x10002a20        0x8 CMakeFiles/HOTAS.dir/freertos/portable/ThirdParty/GCC/RP2040/port.c.obj
 .text.xPortStartScheduler
                0x10002a28       0x28 CMakeFiles/HOTAS.dir/freertos/portable/ThirdParty/GCC/RP2040/port.c.obj
                0x10002a28                xPortStartScheduler
 .text.ulPortLockGetCurrentOwnerId
                0x10002a50       0x30 CMakeFiles/HOTAS.dir/freertos/portable/ThirdParty/GCC/RP2040/port.c.obj
                0x10002a50                ulPortLockGetCurrentOwnerId
 .text.vPortLockInternalSpinUnlockWithWait
                0x10002a80       0x68 CMakeFiles/HOTAS.dir/freertos/portable/ThirdParty/GCC/RP2040/port.c.obj
                0x10002a80                vPortLockInternalSpinUnlockWithWait
 .text.vPortLockInternalSpinUnlockWithNotify
                0x10002ae8       0x84 CMakeFiles/HOTAS.dir/freertos/portable/ThirdParty/GCC/RP2040/port.c.obj
                0x10002ae8                vPortLockInternalSpinUnlockWithNotify
 .text.xPortLockInternalSpinUnlockWithBestEffortWaitOrTimeout
                0x10002b6c       0xec CMakeFiles/HOTAS.dir/freertos/portable/ThirdParty/GCC/RP2040/port.c.obj
                0x10002b6c                xPortLockInternalSpinUnlockWithBestEffortWaitOrTimeout
 .text.startup.prvRuntimeInitializer
                0x10002c58       0x10 CMakeFiles/HOTAS.dir/freertos/portable/ThirdParty/GCC/RP2040/port.c.obj
 .text.vEventGroupSetBitsCallback
                0x10002c68       0x90 CMakeFiles/HOTAS.dir/freertos/event_groups.c.obj
                0x10002c68                vEventGroupSetBitsCallback
 .text.xEventGroupCreate
                0x10002cf8       0x18 CMakeFiles/HOTAS.dir/freertos/event_groups.c.obj
                0x10002cf8                xEventGroupCreate
 .text.xEventGroupWaitBits
                0x10002d10       0xb8 CMakeFiles/HOTAS.dir/freertos/event_groups.c.obj
                0x10002d10                xEventGroupWaitBits
 .text.xEventGroupSetBits
                0x10002dc8       0x9c CMakeFiles/HOTAS.dir/freertos/event_groups.c.obj
                0x10002dc8                xEventGroupSetBits
 .text.xEventGroupSetBitsFromISR
                0x10002e64       0x18 CMakeFiles/HOTAS.dir/freertos/event_groups.c.obj
                0x10002e64                xEventGroupSetBitsFromISR
 .text.vListInitialise
                0x10002e7c       0x18 CMakeFiles/HOTAS.dir/freertos/list.c.obj
                0x10002e7c                vListInitialise
 .text.vListInitialiseItem
                0x10002e94        0x8 CMakeFiles/HOTAS.dir/freertos/list.c.obj
                0x10002e94                vListInitialiseItem
 .text.vListInsertEnd
                0x10002e9c       0x18 CMakeFiles/HOTAS.dir/freertos/list.c.obj
                0x10002e9c                vListInsertEnd
 .text.vListInsert
                0x10002eb4       0x30 CMakeFiles/HOTAS.dir/freertos/list.c.obj
                0x10002eb4                vListInsert
 .text.uxListRemove
                0x10002ee4       0x20 CMakeFiles/HOTAS.dir/freertos/list.c.obj
                0x10002ee4                uxListRemove
 .text.prvUnlockQueue
                0x10002f04      0x180 CMakeFiles/HOTAS.dir/freertos/queue.c.obj
 .text.prvNotifyQueueSetContainer
                0x10003084       0x90 CMakeFiles/HOTAS.dir/freertos/queue.c.obj
 .text.xQueueGenericCreate
                0x10003114       0xa4 CMakeFiles/HOTAS.dir/freertos/queue.c.obj
                0x10003114                xQueueGenericCreate
 .text.xQueueGetMutexHolder
                0x100031b8       0x1c CMakeFiles/HOTAS.dir/freertos/queue.c.obj
                0x100031b8                xQueueGetMutexHolder
 .text.xQueueGenericSend
                0x100031d4      0x1d8 CMakeFiles/HOTAS.dir/freertos/queue.c.obj
                0x100031d4                xQueueGenericSend
 .text.xQueueCreateMutex
                0x100033ac       0x6c CMakeFiles/HOTAS.dir/freertos/queue.c.obj
                0x100033ac                xQueueCreateMutex
 .text.xQueueGiveMutexRecursive
                0x10003418       0x34 CMakeFiles/HOTAS.dir/freertos/queue.c.obj
                0x10003418                xQueueGiveMutexRecursive
 .text.xQueueGenericSendFromISR
                0x1000344c      0x134 CMakeFiles/HOTAS.dir/freertos/queue.c.obj
                0x1000344c                xQueueGenericSendFromISR
 .text.xQueueGiveFromISR
                0x10003580       0x7c CMakeFiles/HOTAS.dir/freertos/queue.c.obj
                0x10003580                xQueueGiveFromISR
 .text.xQueueReceive
                0x100035fc      0x11c CMakeFiles/HOTAS.dir/freertos/queue.c.obj
                0x100035fc                xQueueReceive
 .text.xQueueSemaphoreTake
                0x10003718      0x14c CMakeFiles/HOTAS.dir/freertos/queue.c.obj
                0x10003718                xQueueSemaphoreTake
 .text.xQueueTakeMutexRecursive
                0x10003864       0x30 CMakeFiles/HOTAS.dir/freertos/queue.c.obj
                0x10003864                xQueueTakeMutexRecursive
 .text.vQueueDelete
                0x10003894       0x6c CMakeFiles/HOTAS.dir/freertos/queue.c.obj
                0x10003894                vQueueDelete
 .text.vQueueAddToRegistry
                0x10003900      0x118 CMakeFiles/HOTAS.dir/freertos/queue.c.obj
                0x10003900                vQueueAddToRegistry
 .text.vQueueWaitForMessageRestricted
                0x10003a18       0x48 CMakeFiles/HOTAS.dir/freertos/queue.c.obj
                0x10003a18                vQueueWaitForMessageRestricted
 .text.prvPassiveIdleTask
                0x10003a60       0x20 CMakeFiles/HOTAS.dir/freertos/tasks.c.obj
 .text.prvYieldForTask
                0x10003a80       0xc0 CMakeFiles/HOTAS.dir/freertos/tasks.c.obj
 .text.prvAddCurrentTaskToDelayedList
                0x10003b40      0x144 CMakeFiles/HOTAS.dir/freertos/tasks.c.obj
 .text.prvCreateTask
                0x10003c84      0x158 CMakeFiles/HOTAS.dir/freertos/tasks.c.obj
 .text.xTaskIncrementTick.part.0
                0x10003ddc      0x1f0 CMakeFiles/HOTAS.dir/freertos/tasks.c.obj
 .text.prvCheckForRunStateChange
                0x10003fcc      0x14c CMakeFiles/HOTAS.dir/freertos/tasks.c.obj
 .text.vTaskSuspendAll.part.0
                0x10004118       0xd0 CMakeFiles/HOTAS.dir/freertos/tasks.c.obj
 .text.vTaskEnterCriticalFromISR.part.0
                0x100041e8       0x6c CMakeFiles/HOTAS.dir/freertos/tasks.c.obj
 .text.vTaskExitCritical.part.0
                0x10004254       0x94 CMakeFiles/HOTAS.dir/freertos/tasks.c.obj
 .text.prvCheckTasksWaitingTermination
                0x100042e8      0x158 CMakeFiles/HOTAS.dir/freertos/tasks.c.obj
 .text.prvIdleTask
                0x10004440       0x1c CMakeFiles/HOTAS.dir/freertos/tasks.c.obj
 .text.vTaskCoreAffinitySet
                0x1000445c      0x170 CMakeFiles/HOTAS.dir/freertos/tasks.c.obj
                0x1000445c                vTaskCoreAffinitySet
 .text.vTaskSuspendAll
                0x100045cc       0xd0 CMakeFiles/HOTAS.dir/freertos/tasks.c.obj
                0x100045cc                vTaskSuspendAll
 .text.xTaskGetTickCount
                0x1000469c        0xc CMakeFiles/HOTAS.dir/freertos/tasks.c.obj
                0x1000469c                xTaskGetTickCount
 .text.uxTaskGetNumberOfTasks
                0x100046a8        0xc CMakeFiles/HOTAS.dir/freertos/tasks.c.obj
                0x100046a8                uxTaskGetNumberOfTasks
 .text.xTaskIncrementTick
                0x100046b4       0x24 CMakeFiles/HOTAS.dir/freertos/tasks.c.obj
                0x100046b4                xTaskIncrementTick
 .text.vTaskSwitchContext
                0x100046d8      0x328 CMakeFiles/HOTAS.dir/freertos/tasks.c.obj
                0x100046d8                vTaskSwitchContext
 .text.vTaskPlaceOnEventList
                0x10004a00      0x148 CMakeFiles/HOTAS.dir/freertos/tasks.c.obj
                0x10004a00                vTaskPlaceOnEventList
 .text.vTaskPlaceOnUnorderedEventList
                0x10004b48       0x9c CMakeFiles/HOTAS.dir/freertos/tasks.c.obj
                0x10004b48                vTaskPlaceOnUnorderedEventList
 .text.vTaskPlaceOnEventListRestricted
                0x10004be4       0x8c CMakeFiles/HOTAS.dir/freertos/tasks.c.obj
                0x10004be4                vTaskPlaceOnEventListRestricted
 .text.xTaskRemoveFromEventList
                0x10004c70       0xcc CMakeFiles/HOTAS.dir/freertos/tasks.c.obj
                0x10004c70                xTaskRemoveFromEventList
 .text.vTaskInternalSetTimeOutState
                0x10004d3c       0x18 CMakeFiles/HOTAS.dir/freertos/tasks.c.obj
                0x10004d3c                vTaskInternalSetTimeOutState
 .text.xTaskCheckForTimeOut
                0x10004d54      0x188 CMakeFiles/HOTAS.dir/freertos/tasks.c.obj
                0x10004d54                xTaskCheckForTimeOut
 .text.vTaskMissedYield
                0x10004edc       0x14 CMakeFiles/HOTAS.dir/freertos/tasks.c.obj
                0x10004edc                vTaskMissedYield
 .text.xTaskGetCurrentTaskHandle
                0x10004ef0       0x1c CMakeFiles/HOTAS.dir/freertos/tasks.c.obj
                0x10004ef0                xTaskGetCurrentTaskHandle
 .text.xTaskGetSchedulerState
                0x10004f0c       0xf4 CMakeFiles/HOTAS.dir/freertos/tasks.c.obj
                0x10004f0c                xTaskGetSchedulerState
 .text.xTaskPriorityInherit
                0x10005000       0xfc CMakeFiles/HOTAS.dir/freertos/tasks.c.obj
                0x10005000                xTaskPriorityInherit
 .text.xTaskPriorityDisinherit
                0x100050fc       0xb8 CMakeFiles/HOTAS.dir/freertos/tasks.c.obj
                0x100050fc                xTaskPriorityDisinherit
 .text.vTaskPriorityDisinheritAfterTimeout
                0x100051b4       0xcc CMakeFiles/HOTAS.dir/freertos/tasks.c.obj
                0x100051b4                vTaskPriorityDisinheritAfterTimeout
 .text.vTaskYieldWithinAPI
                0x10005280       0x28 CMakeFiles/HOTAS.dir/freertos/tasks.c.obj
                0x10005280                vTaskYieldWithinAPI
 .text.vTaskEnterCritical
                0x100052a8       0xd4 CMakeFiles/HOTAS.dir/freertos/tasks.c.obj
                0x100052a8                vTaskEnterCritical
 .text.prvAddNewTaskToReadyList
                0x1000537c       0xf0 CMakeFiles/HOTAS.dir/freertos/tasks.c.obj
 .text.xTaskCreate
                0x1000546c       0x2c CMakeFiles/HOTAS.dir/freertos/tasks.c.obj
                0x1000546c                xTaskCreate
 .text.xTaskCreateAffinitySet
                0x10005498       0x28 CMakeFiles/HOTAS.dir/freertos/tasks.c.obj
                0x10005498                xTaskCreateAffinitySet
 .text.vTaskStartScheduler
                0x100054c0       0xbc CMakeFiles/HOTAS.dir/freertos/tasks.c.obj
                0x100054c0                vTaskStartScheduler
 .text.vTaskDelete
                0x1000557c      0x158 CMakeFiles/HOTAS.dir/freertos/tasks.c.obj
                0x1000557c                vTaskDelete
 .text.xTaskResumeAll.part.0
                0x100056d4      0x1a0 CMakeFiles/HOTAS.dir/freertos/tasks.c.obj
 .text.xTaskResumeAll
                0x10005874       0x18 CMakeFiles/HOTAS.dir/freertos/tasks.c.obj
                0x10005874                xTaskResumeAll
 .text.vTaskDelay
                0x1000588c       0x64 CMakeFiles/HOTAS.dir/freertos/tasks.c.obj
                0x1000588c                vTaskDelay
 .text.vTaskRemoveFromUnorderedEventList
                0x100058f0       0x98 CMakeFiles/HOTAS.dir/freertos/tasks.c.obj
                0x100058f0                vTaskRemoveFromUnorderedEventList
 .text.vTaskEnterCriticalFromISR
                0x10005988       0x7c CMakeFiles/HOTAS.dir/freertos/tasks.c.obj
                0x10005988                vTaskEnterCriticalFromISR
 .text.vTaskExitCritical
                0x10005a04       0xa0 CMakeFiles/HOTAS.dir/freertos/tasks.c.obj
                0x10005a04                vTaskExitCritical
 .text.vTaskExitCriticalFromISR
                0x10005aa4       0x64 CMakeFiles/HOTAS.dir/freertos/tasks.c.obj
                0x10005aa4                vTaskExitCriticalFromISR
 .text.uxTaskResetEventItemValue
                0x10005b08       0x48 CMakeFiles/HOTAS.dir/freertos/tasks.c.obj
                0x10005b08                uxTaskResetEventItemValue
 .text.pvTaskIncrementMutexHeldCount
                0x10005b50       0x28 CMakeFiles/HOTAS.dir/freertos/tasks.c.obj
                0x10005b50                pvTaskIncrementMutexHeldCount
 .text.ulTaskGenericNotifyTake
                0x10005b78      0x158 CMakeFiles/HOTAS.dir/freertos/tasks.c.obj
                0x10005b78                ulTaskGenericNotifyTake
 .text.xTaskGenericNotify
                0x10005cd0      0x1d8 CMakeFiles/HOTAS.dir/freertos/tasks.c.obj
                0x10005cd0                xTaskGenericNotify
 .text.vTaskGenericNotifyGiveFromISR
                0x10005ea8      0x144 CMakeFiles/HOTAS.dir/freertos/tasks.c.obj
                0x10005ea8                vTaskGenericNotifyGiveFromISR
 .text.prvTimerTask
                0x10005fec      0x38c CMakeFiles/HOTAS.dir/freertos/timers.c.obj
 .text.xTimerCreateTimerTask
                0x10006378       0x90 CMakeFiles/HOTAS.dir/freertos/timers.c.obj
                0x10006378                xTimerCreateTimerTask
 .text.xTimerCreate
                0x10006408       0xb8 CMakeFiles/HOTAS.dir/freertos/timers.c.obj
                0x10006408                xTimerCreate
 .text.xTimerGenericCommandFromTask
                0x100064c0       0x44 CMakeFiles/HOTAS.dir/freertos/timers.c.obj
                0x100064c0                xTimerGenericCommandFromTask
 .text.pvTimerGetTimerID
                0x10006504       0x14 CMakeFiles/HOTAS.dir/freertos/timers.c.obj
                0x10006504                pvTimerGetTimerID
 .text.xTimerPendFunctionCallFromISR
                0x10006518       0x28 CMakeFiles/HOTAS.dir/freertos/timers.c.obj
                0x10006518                xTimerPendFunctionCallFromISR
 .text.clock_configure_int_divider
                0x10006540       0xf4 CMakeFiles/HOTAS.dir/home/noah/.pico-sdk/sdk/2.0.0/src/rp2_common/hardware_clocks/clocks.c.obj
                0x10006540                clock_configure_int_divider
 .text.clock_configure_undivided
                0x10006634       0xe8 CMakeFiles/HOTAS.dir/home/noah/.pico-sdk/sdk/2.0.0/src/rp2_common/hardware_clocks/clocks.c.obj
                0x10006634                clock_configure_undivided
 .text.clock_get_hz
                0x1000671c        0xc CMakeFiles/HOTAS.dir/home/noah/.pico-sdk/sdk/2.0.0/src/rp2_common/hardware_clocks/clocks.c.obj
                0x1000671c                clock_get_hz
 .text.hw_claim_or_assert
                0x10006728       0x44 CMakeFiles/HOTAS.dir/home/noah/.pico-sdk/sdk/2.0.0/src/common/hardware_claim/claim.c.obj
                0x10006728                hw_claim_or_assert
 .text.hw_claim_unused_from_range
                0x1000676c       0x9c CMakeFiles/HOTAS.dir/home/noah/.pico-sdk/sdk/2.0.0/src/common/hardware_claim/claim.c.obj
                0x1000676c                hw_claim_unused_from_range
 .text.next_striped_spin_lock_num
                0x10006808       0x18 CMakeFiles/HOTAS.dir/home/noah/.pico-sdk/sdk/2.0.0/src/rp2_common/hardware_sync/sync.c.obj
                0x10006808                next_striped_spin_lock_num
 .text.spin_lock_claim
                0x10006820       0x18 CMakeFiles/HOTAS.dir/home/noah/.pico-sdk/sdk/2.0.0/src/rp2_common/hardware_sync/sync.c.obj
                0x10006820                spin_lock_claim
 .text.spin_lock_claim_unused
                0x10006838       0x24 CMakeFiles/HOTAS.dir/home/noah/.pico-sdk/sdk/2.0.0/src/rp2_common/hardware_sync/sync.c.obj
                0x10006838                spin_lock_claim_unused
 .text.spin_locks_reset
                0x1000685c       0x1c CMakeFiles/HOTAS.dir/home/noah/.pico-sdk/sdk/2.0.0/src/rp2_common/hardware_sync_spin_lock/sync_spin_lock.c.obj
                0x1000685c                spin_locks_reset
 .text.gpio_set_function
                0x10006878       0x34 CMakeFiles/HOTAS.dir/home/noah/.pico-sdk/sdk/2.0.0/src/rp2_common/hardware_gpio/gpio.c.obj
                0x10006878                gpio_set_function
 .text.gpio_set_pulls
                0x100068ac       0x28 CMakeFiles/HOTAS.dir/home/noah/.pico-sdk/sdk/2.0.0/src/rp2_common/hardware_gpio/gpio.c.obj
                0x100068ac                gpio_set_pulls
 .text.gpio_init
                0x100068d4       0x40 CMakeFiles/HOTAS.dir/home/noah/.pico-sdk/sdk/2.0.0/src/rp2_common/hardware_gpio/gpio.c.obj
                0x100068d4                gpio_init
 .text.runtime_init_per_core_irq_priorities
                0x10006914       0x24 CMakeFiles/HOTAS.dir/home/noah/.pico-sdk/sdk/2.0.0/src/rp2_common/hardware_irq/irq.c.obj
                0x10006914                runtime_init_per_core_irq_priorities
 .text.irq_set_enabled
                0x10006938       0x24 CMakeFiles/HOTAS.dir/home/noah/.pico-sdk/sdk/2.0.0/src/rp2_common/hardware_irq/irq.c.obj
                0x10006938                irq_set_enabled
 .text.irq_is_enabled
                0x1000695c       0x18 CMakeFiles/HOTAS.dir/home/noah/.pico-sdk/sdk/2.0.0/src/rp2_common/hardware_irq/irq.c.obj
                0x1000695c                irq_is_enabled
 .text.irq_set_exclusive_handler
                0x10006974       0x54 CMakeFiles/HOTAS.dir/home/noah/.pico-sdk/sdk/2.0.0/src/rp2_common/hardware_irq/irq.c.obj
                0x10006974                irq_set_exclusive_handler
 .text.irq_add_shared_handler
                0x100069c8      0x1f4 CMakeFiles/HOTAS.dir/home/noah/.pico-sdk/sdk/2.0.0/src/rp2_common/hardware_irq/irq.c.obj
                0x100069c8                irq_add_shared_handler
 .text.irq_remove_handler
                0x10006bbc      0x1d4 CMakeFiles/HOTAS.dir/home/noah/.pico-sdk/sdk/2.0.0/src/rp2_common/hardware_irq/irq.c.obj
                0x10006bbc                irq_remove_handler
 .text.irq_set_priority
                0x10006d90       0x28 CMakeFiles/HOTAS.dir/home/noah/.pico-sdk/sdk/2.0.0/src/rp2_common/hardware_irq/irq.c.obj
                0x10006d90                irq_set_priority
 .text.irq_add_tail_to_free_list
                0x10006db8       0xb4 CMakeFiles/HOTAS.dir/home/noah/.pico-sdk/sdk/2.0.0/src/rp2_common/hardware_irq/irq.c.obj
                0x10006db8                irq_add_tail_to_free_list
 .text.lock_init
                0x10006e6c       0x10 CMakeFiles/HOTAS.dir/home/noah/.pico-sdk/sdk/2.0.0/src/common/pico_sync/lock_core.c.obj
                0x10006e6c                lock_init
 .text.runtime_init_mutex
                0x10006e7c       0x54 CMakeFiles/HOTAS.dir/home/noah/.pico-sdk/sdk/2.0.0/src/common/pico_sync/mutex.c.obj
                0x10006e7c                runtime_init_mutex
 .text.mutex_init
                0x10006ed0       0x1c CMakeFiles/HOTAS.dir/home/noah/.pico-sdk/sdk/2.0.0/src/common/pico_sync/mutex.c.obj
                0x10006ed0                mutex_init
 .text.critical_section_init
                0x10006eec       0x1c CMakeFiles/HOTAS.dir/home/noah/.pico-sdk/sdk/2.0.0/src/common/pico_sync/critical_section.c.obj
                0x10006eec                critical_section_init
 .text.alarm_pool_irq_handler
                0x10006f08      0x2e4 CMakeFiles/HOTAS.dir/home/noah/.pico-sdk/sdk/2.0.0/src/common/pico_time/time.c.obj
 .text.sleep_until_callback
                0x100071ec       0x24 CMakeFiles/HOTAS.dir/home/noah/.pico-sdk/sdk/2.0.0/src/common/pico_time/time.c.obj
 .text.runtime_init_default_alarm_pool
                0x10007210       0xdc CMakeFiles/HOTAS.dir/home/noah/.pico-sdk/sdk/2.0.0/src/common/pico_time/time.c.obj
                0x10007210                runtime_init_default_alarm_pool
 .text.alarm_pool_get_default
                0x100072ec        0x8 CMakeFiles/HOTAS.dir/home/noah/.pico-sdk/sdk/2.0.0/src/common/pico_time/time.c.obj
                0x100072ec                alarm_pool_get_default
 .text.alarm_pool_add_alarm_at_force_in_context
                0x100072f4       0xb0 CMakeFiles/HOTAS.dir/home/noah/.pico-sdk/sdk/2.0.0/src/common/pico_time/time.c.obj
                0x100072f4                alarm_pool_add_alarm_at_force_in_context
 .text.alarm_pool_cancel_alarm
                0x100073a4       0x74 CMakeFiles/HOTAS.dir/home/noah/.pico-sdk/sdk/2.0.0/src/common/pico_time/time.c.obj
                0x100073a4                alarm_pool_cancel_alarm
 .text.alarm_pool_core_num
                0x10007418        0x4 CMakeFiles/HOTAS.dir/home/noah/.pico-sdk/sdk/2.0.0/src/common/pico_time/time.c.obj
                0x10007418                alarm_pool_core_num
 .text.sleep_until
                0x1000741c       0xcc CMakeFiles/HOTAS.dir/home/noah/.pico-sdk/sdk/2.0.0/src/common/pico_time/time.c.obj
                0x1000741c                sleep_until
 .text.sleep_ms
                0x100074e8       0x38 CMakeFiles/HOTAS.dir/home/noah/.pico-sdk/sdk/2.0.0/src/common/pico_time/time.c.obj
                0x100074e8                sleep_ms
 .text.best_effort_wfe_or_timeout
                0x10007520      0x134 CMakeFiles/HOTAS.dir/home/noah/.pico-sdk/sdk/2.0.0/src/common/pico_time/time.c.obj
                0x10007520                best_effort_wfe_or_timeout
 .text.timer_hardware_alarm_claim
                0x10007654       0x14 CMakeFiles/HOTAS.dir/home/noah/.pico-sdk/sdk/2.0.0/src/rp2_common/hardware_timer/timer.c.obj
                0x10007654                timer_hardware_alarm_claim
 .text.timer_time_us_64
                0x10007668       0x10 CMakeFiles/HOTAS.dir/home/noah/.pico-sdk/sdk/2.0.0/src/rp2_common/hardware_timer/timer.c.obj
                0x10007668                timer_time_us_64
 .text.time_us_64
                0x10007678       0x14 CMakeFiles/HOTAS.dir/home/noah/.pico-sdk/sdk/2.0.0/src/rp2_common/hardware_timer/timer.c.obj
                0x10007678                time_us_64
 .text.busy_wait_us
                0x1000768c       0x68 CMakeFiles/HOTAS.dir/home/noah/.pico-sdk/sdk/2.0.0/src/rp2_common/hardware_timer/timer.c.obj
                0x1000768c                busy_wait_us
 .text.busy_wait_until
                0x100076f4       0x20 CMakeFiles/HOTAS.dir/home/noah/.pico-sdk/sdk/2.0.0/src/rp2_common/hardware_timer/timer.c.obj
                0x100076f4                busy_wait_until
 .text.pll_init
                0x10007714       0xa4 CMakeFiles/HOTAS.dir/home/noah/.pico-sdk/sdk/2.0.0/src/rp2_common/hardware_pll/pll.c.obj
                0x10007714                pll_init
 .text.tick_start
                0x100077b8       0x10 CMakeFiles/HOTAS.dir/home/noah/.pico-sdk/sdk/2.0.0/src/rp2_common/hardware_ticks/ticks.c.obj
                0x100077b8                tick_start
 .text.xosc_init
                0x100077c8       0x28 CMakeFiles/HOTAS.dir/home/noah/.pico-sdk/sdk/2.0.0/src/rp2_common/hardware_xosc/xosc.c.obj
                0x100077c8                xosc_init
 .text.exception_set_exclusive_handler
                0x100077f0       0x48 CMakeFiles/HOTAS.dir/home/noah/.pico-sdk/sdk/2.0.0/src/rp2_common/hardware_exception/exception.c.obj
                0x100077f0                exception_set_exclusive_handler
 .text.core1_trampoline
                0x10007838        0x4 CMakeFiles/HOTAS.dir/home/noah/.pico-sdk/sdk/2.0.0/src/rp2_common/pico_multicore/multicore.c.obj
 .text.core1_wrapper
                0x1000783c        0xc CMakeFiles/HOTAS.dir/home/noah/.pico-sdk/sdk/2.0.0/src/rp2_common/pico_multicore/multicore.c.obj
                0x1000783c                core1_wrapper
 .text.multicore_launch_core1_raw
                0x10007848       0x84 CMakeFiles/HOTAS.dir/home/noah/.pico-sdk/sdk/2.0.0/src/rp2_common/pico_multicore/multicore.c.obj
                0x10007848                multicore_launch_core1_raw
 .text.multicore_launch_core1
                0x100078cc       0x58 CMakeFiles/HOTAS.dir/home/noah/.pico-sdk/sdk/2.0.0/src/rp2_common/pico_multicore/multicore.c.obj
                0x100078cc                multicore_launch_core1
 .text.uart_init
                0x10007924      0x120 CMakeFiles/HOTAS.dir/home/noah/.pico-sdk/sdk/2.0.0/src/rp2_common/hardware_uart/uart.c.obj
                0x10007924                uart_init
 .text.first_per_core_initializer
                0x10007a44        0x4 CMakeFiles/HOTAS.dir/home/noah/.pico-sdk/sdk/2.0.0/src/rp2_common/pico_runtime/runtime.c.obj
 .text.hard_assertion_failure
                0x10007a48        0xc CMakeFiles/HOTAS.dir/home/noah/.pico-sdk/sdk/2.0.0/src/rp2_common/pico_runtime/runtime.c.obj
                0x10007a48                hard_assertion_failure
 .text.runtime_run_initializers
                0x10007a54       0x28 CMakeFiles/HOTAS.dir/home/noah/.pico-sdk/sdk/2.0.0/src/rp2_common/pico_runtime/runtime.c.obj
                0x10007a54                runtime_run_initializers
 .text.runtime_run_per_core_initializers
                0x10007a7c       0x28 CMakeFiles/HOTAS.dir/home/noah/.pico-sdk/sdk/2.0.0/src/rp2_common/pico_runtime/runtime.c.obj
                0x10007a7c                runtime_run_per_core_initializers
 .text.runtime_init_early_resets
                0x10007aa4       0x2c CMakeFiles/HOTAS.dir/home/noah/.pico-sdk/sdk/2.0.0/src/rp2_common/pico_runtime_init/runtime_init.c.obj
                0x10007aa4                runtime_init_early_resets
 .text.runtime_init_usb_power_down
                0x10007ad0       0x1c CMakeFiles/HOTAS.dir/home/noah/.pico-sdk/sdk/2.0.0/src/rp2_common/pico_runtime_init/runtime_init.c.obj
                0x10007ad0                runtime_init_usb_power_down
 .text.runtime_init_post_clock_resets
                0x10007aec       0x20 CMakeFiles/HOTAS.dir/home/noah/.pico-sdk/sdk/2.0.0/src/rp2_common/pico_runtime_init/runtime_init.c.obj
                0x10007aec                runtime_init_post_clock_resets
 .text.runtime_init_rp2040_gpio_ie_disable
                0x10007b0c       0x14 CMakeFiles/HOTAS.dir/home/noah/.pico-sdk/sdk/2.0.0/src/rp2_common/pico_runtime_init/runtime_init.c.obj
                0x10007b0c                runtime_init_rp2040_gpio_ie_disable
 .text.runtime_init_spin_locks_reset
                0x10007b20        0x8 CMakeFiles/HOTAS.dir/home/noah/.pico-sdk/sdk/2.0.0/src/rp2_common/pico_runtime_init/runtime_init.c.obj
                0x10007b20                runtime_init_spin_locks_reset
 .text.runtime_init_install_ram_vector_table
                0x10007b28       0x1c CMakeFiles/HOTAS.dir/home/noah/.pico-sdk/sdk/2.0.0/src/rp2_common/pico_runtime_init/runtime_init.c.obj
                0x10007b28                runtime_init_install_ram_vector_table
 .text.runtime_init_clocks
                0x10007b44       0xd8 CMakeFiles/HOTAS.dir/home/noah/.pico-sdk/sdk/2.0.0/src/rp2_common/pico_runtime_init/runtime_init_clocks.c.obj
                0x10007b44                runtime_init_clocks
 .text          0x10007c1c       0x10 CMakeFiles/HOTAS.dir/home/noah/.pico-sdk/sdk/2.0.0/src/rp2_common/pico_bit_ops/bit_ops_aeabi.S.obj
 .text.rom_func_lookup
                0x10007c2c       0x10 CMakeFiles/HOTAS.dir/home/noah/.pico-sdk/sdk/2.0.0/src/rp2_common/pico_bootrom/bootrom.c.obj
                0x10007c2c                rom_func_lookup
 .text.rom_data_lookup
                0x10007c3c       0x10 CMakeFiles/HOTAS.dir/home/noah/.pico-sdk/sdk/2.0.0/src/rp2_common/pico_bootrom/bootrom.c.obj
                0x10007c3c                rom_data_lookup
 .text.rom_funcs_lookup
                0x10007c4c       0x44 CMakeFiles/HOTAS.dir/home/noah/.pico-sdk/sdk/2.0.0/src/rp2_common/pico_bootrom/bootrom.c.obj
                0x10007c4c                rom_funcs_lookup
 .text.rom_reset_usb_boot
                0x10007c90       0x20 CMakeFiles/HOTAS.dir/home/noah/.pico-sdk/sdk/2.0.0/src/rp2_common/pico_bootrom/bootrom.c.obj
                0x10007c90                rom_reset_usb_boot
 .text.__wrap___aeabi_idiv
                0x10007cb0       0x50 CMakeFiles/HOTAS.dir/home/noah/.pico-sdk/sdk/2.0.0/src/rp2_common/pico_divider/divider_hardware.S.obj
                0x10007cb0                __wrap___aeabi_idivmod
                0x10007cb0                divmod_s32s32
                0x10007cb0                div_s32s32
                0x10007cb0                __wrap___aeabi_idiv
                0x10007cb8                divmod_s32s32_unsafe
                0x10007ce4                divmod_s32s32_savestate
 .text.__wrap___aeabi_uidiv
                0x10007d00       0x4c CMakeFiles/HOTAS.dir/home/noah/.pico-sdk/sdk/2.0.0/src/rp2_common/pico_divider/divider_hardware.S.obj
                0x10007d00                __wrap___aeabi_uidiv
                0x10007d00                __wrap___aeabi_uidivmod
                0x10007d00                div_u32u32
                0x10007d00                divmod_u32u32
                0x10007d08                divmod_u32u32_unsafe
                0x10007d30                divmod_u32u32_savestate
 .text.__wrap___aeabi_ldiv
                0x10007d4c      0x424 CMakeFiles/HOTAS.dir/home/noah/.pico-sdk/sdk/2.0.0/src/rp2_common/pico_divider/divider_hardware.S.obj
                0x10007d4c                div_s64s64
                0x10007d4c                divmod_s64s64
                0x10007d4c                __wrap___aeabi_ldivmod
                0x10007d7c                div_u64u64
                0x10007d7c                divmod_u64u64
                0x10007d7c                __wrap___aeabi_uldivmod
                0x10007d8c                divmod_u64u64_savestate
                0x10007dac                divmod_s64s64_unsafe
                0x10007e34                divmod_u64u64_unsafe
 .text.__wrap___aeabi_darithmetic
                0x10008170       0x80 CMakeFiles/HOTAS.dir/home/noah/.pico-sdk/sdk/2.0.0/src/rp2_common/pico_double/double_aeabi_rp2040.S.obj
                0x10008170                __wrap___aeabi_drsub
                0x10008176                __wrap___aeabi_dsub
                0x10008188                __wrap___aeabi_dadd
                0x1000819a                __wrap___aeabi_ddiv
                0x100081d6                __wrap___aeabi_dmul
 .text.__wrap___aeabi_cdcmple
                0x100081f0       0x6c CMakeFiles/HOTAS.dir/home/noah/.pico-sdk/sdk/2.0.0/src/rp2_common/pico_double/double_aeabi_rp2040.S.obj
                0x100081f0                __wrap___aeabi_cdrcmple
                0x10008200                __wrap___aeabi_cdcmple
                0x10008200                __wrap___aeabi_cdcmpeq
 .text.__wrap___aeabi_dcmplt
                0x1000825c        0xc CMakeFiles/HOTAS.dir/home/noah/.pico-sdk/sdk/2.0.0/src/rp2_common/pico_double/double_aeabi_rp2040.S.obj
                0x1000825c                __wrap___aeabi_dcmplt
 .text.__wrap___aeabi_dcmpge
                0x10008268       0x10 CMakeFiles/HOTAS.dir/home/noah/.pico-sdk/sdk/2.0.0/src/rp2_common/pico_double/double_aeabi_rp2040.S.obj
                0x10008268                __wrap___aeabi_dcmpge
 .text.__wrap___aeabi_dcmpgt
                0x10008278        0xa CMakeFiles/HOTAS.dir/home/noah/.pico-sdk/sdk/2.0.0/src/rp2_common/pico_double/double_aeabi_rp2040.S.obj
                0x10008278                __wrap___aeabi_dcmpgt
 .text.__wrap___aeabi_dcmpun
                0x10008282       0x18 CMakeFiles/HOTAS.dir/home/noah/.pico-sdk/sdk/2.0.0/src/rp2_common/pico_double/double_aeabi_rp2040.S.obj
                0x10008282                __wrap___aeabi_dcmpun
 *fill*         0x1000829a        0x2 
 .text.__wrap___aeabi_i2d
                0x1000829c       0x38 CMakeFiles/HOTAS.dir/home/noah/.pico-sdk/sdk/2.0.0/src/rp2_common/pico_double/double_aeabi_rp2040.S.obj
                0x1000829c                __wrap___aeabi_ui2d
                0x100082a4                __wrap___aeabi_i2d
 .text.__wrap___aeabi_d2iz
                0x100082d4       0x48 CMakeFiles/HOTAS.dir/home/noah/.pico-sdk/sdk/2.0.0/src/rp2_common/pico_double/double_aeabi_rp2040.S.obj
                0x100082d4                __wrap___aeabi_d2iz
                0x100082d4                double2int_z
 .text.__wrap___aeabi_d2uiz
                0x1000831c       0x18 CMakeFiles/HOTAS.dir/home/noah/.pico-sdk/sdk/2.0.0/src/rp2_common/pico_double/double_aeabi_rp2040.S.obj
                0x1000831c                double2uint
                0x1000831c                __wrap___aeabi_d2uiz
 .text.__aeabi_double_init
                0x10008334       0xa4 CMakeFiles/HOTAS.dir/home/noah/.pico-sdk/sdk/2.0.0/src/rp2_common/pico_double/double_init_rom_rp2040.c.obj
                0x10008334                __aeabi_double_init
 .text.double_table_shim_on_use_helper
                0x100083d8       0x2c CMakeFiles/HOTAS.dir/home/noah/.pico-sdk/sdk/2.0.0/src/rp2_common/pico_double/double_v1_rom_shim_rp2040.S.obj
                0x100083d8                double_table_shim_on_use_helper
 .text.__wrap___aeabi_dsub
                0x10008404       0x10 CMakeFiles/HOTAS.dir/home/noah/.pico-sdk/sdk/2.0.0/src/rp2_common/pico_double/double_v1_rom_shim_rp2040.S.obj
                0x10008404                drsub_shim
                0x1000840a                dsub_shim
 .text.dadd_shim
                0x10008414      0x15c CMakeFiles/HOTAS.dir/home/noah/.pico-sdk/sdk/2.0.0/src/rp2_common/pico_double/double_v1_rom_shim_rp2040.S.obj
                0x10008414                dadd_shim
 .text.dmul_shim
                0x10008570      0x15c CMakeFiles/HOTAS.dir/home/noah/.pico-sdk/sdk/2.0.0/src/rp2_common/pico_double/double_v1_rom_shim_rp2040.S.obj
                0x10008570                dmul_shim
 .text.ddiv_shim
                0x100086cc      0x1b0 CMakeFiles/HOTAS.dir/home/noah/.pico-sdk/sdk/2.0.0/src/rp2_common/pico_double/double_v1_rom_shim_rp2040.S.obj
                0x100086cc                ddiv_shim
 .text.double2uint_shim
                0x1000887c        0xe CMakeFiles/HOTAS.dir/home/noah/.pico-sdk/sdk/2.0.0/src/rp2_common/pico_double/double_v1_rom_shim_rp2040.S.obj
                0x1000887c                double2uint_shim
                0x1000887e                double2ufix_shim
 *fill*         0x1000888a        0x2 
 .text.double2uint64_shim
                0x1000888c       0x70 CMakeFiles/HOTAS.dir/home/noah/.pico-sdk/sdk/2.0.0/src/rp2_common/pico_double/double_v1_rom_shim_rp2040.S.obj
                0x1000888c                double2uint64_shim
                0x1000888e                double2ufix64_shim
                0x100088ae                d2fix_a
 .text.dunpacks
                0x100088fc       0x3c CMakeFiles/HOTAS.dir/home/noah/.pico-sdk/sdk/2.0.0/src/rp2_common/pico_double/double_v1_rom_shim_rp2040.S.obj
                0x100088fc                dunpacks
 .text.__aeabi_lmul
                0x10008938       0x32 CMakeFiles/HOTAS.dir/home/noah/.pico-sdk/sdk/2.0.0/src/rp2_common/pico_int64_ops/pico_int64_ops_aeabi.S.obj
                0x10008938                __wrap___aeabi_lmul
 *fill*         0x1000896a        0x2 
 .text.__aeabi_float_init
                0x1000896c       0x64 CMakeFiles/HOTAS.dir/home/noah/.pico-sdk/sdk/2.0.0/src/rp2_common/pico_float/float_init_rom_rp2040.c.obj
                0x1000896c                __aeabi_float_init
 .text.float_table_shim_on_use_helper
                0x100089d0       0x2c CMakeFiles/HOTAS.dir/home/noah/.pico-sdk/sdk/2.0.0/src/rp2_common/pico_float/float_v1_rom_shim_rp2040.S.obj
                0x100089d0                float_table_shim_on_use_helper
 .text.__wrap_calloc
                0x100089fc       0x44 CMakeFiles/HOTAS.dir/home/noah/.pico-sdk/sdk/2.0.0/src/rp2_common/pico_malloc/malloc.c.obj
                0x100089fc                __wrap_calloc
 .text.__wrap_free
                0x10008a40       0x20 CMakeFiles/HOTAS.dir/home/noah/.pico-sdk/sdk/2.0.0/src/rp2_common/pico_malloc/malloc.c.obj
                0x10008a40                __wrap_free
 .text          0x10008a60       0x10 CMakeFiles/HOTAS.dir/home/noah/.pico-sdk/sdk/2.0.0/src/rp2_common/pico_mem_ops/mem_ops_aeabi.S.obj
                0x10008a60                __aeabi_mem_init
 .text.memset   0x10008a70        0xc CMakeFiles/HOTAS.dir/home/noah/.pico-sdk/sdk/2.0.0/src/rp2_common/pico_mem_ops/mem_ops_aeabi.S.obj
                0x10008a70                __wrap_memset
 .text.memcpy   0x10008a7c        0xc CMakeFiles/HOTAS.dir/home/noah/.pico-sdk/sdk/2.0.0/src/rp2_common/pico_mem_ops/mem_ops_aeabi.S.obj
                0x10008a7c                __wrap___aeabi_memcpy
                0x10008a7c                __wrap_memcpy
 .text._out_null
                0x10008a88        0x4 CMakeFiles/HOTAS.dir/home/noah/.pico-sdk/sdk/2.0.0/src/rp2_common/pico_printf/printf.c.obj
 .text._out_rev
                0x10008a8c       0xac CMakeFiles/HOTAS.dir/home/noah/.pico-sdk/sdk/2.0.0/src/rp2_common/pico_printf/printf.c.obj
 .text._ntoa_format
                0x10008b38      0x250 CMakeFiles/HOTAS.dir/home/noah/.pico-sdk/sdk/2.0.0/src/rp2_common/pico_printf/printf.c.obj
 .text._out_char
                0x10008d88       0x10 CMakeFiles/HOTAS.dir/home/noah/.pico-sdk/sdk/2.0.0/src/rp2_common/pico_printf/printf.c.obj
 .text._out_fct
                0x10008d98       0x10 CMakeFiles/HOTAS.dir/home/noah/.pico-sdk/sdk/2.0.0/src/rp2_common/pico_printf/printf.c.obj
 .text._etoa    0x10008da8      0x464 CMakeFiles/HOTAS.dir/home/noah/.pico-sdk/sdk/2.0.0/src/rp2_common/pico_printf/printf.c.obj
 .text._ftoa    0x1000920c      0x3c0 CMakeFiles/HOTAS.dir/home/noah/.pico-sdk/sdk/2.0.0/src/rp2_common/pico_printf/printf.c.obj
 .text._vsnprintf
                0x100095cc      0xbc8 CMakeFiles/HOTAS.dir/home/noah/.pico-sdk/sdk/2.0.0/src/rp2_common/pico_printf/printf.c.obj
 .text.vfctprintf
                0x1000a194       0x20 CMakeFiles/HOTAS.dir/home/noah/.pico-sdk/sdk/2.0.0/src/rp2_common/pico_printf/printf.c.obj
                0x1000a194                vfctprintf
 .text.weak_raw_vprintf
                0x1000a1b4       0x30 CMakeFiles/HOTAS.dir/home/noah/.pico-sdk/sdk/2.0.0/src/rp2_common/pico_printf/printf.c.obj
                0x1000a1b4                weak_raw_vprintf
 .text._exit    0x1000a1e4        0x4 CMakeFiles/HOTAS.dir/home/noah/.pico-sdk/sdk/2.0.0/src/rp2_common/pico_clib_interface/newlib_interface.c.obj
                0x1000a1e4                _exit
 .text._sbrk    0x1000a1e8       0x34 CMakeFiles/HOTAS.dir/home/noah/.pico-sdk/sdk/2.0.0/src/rp2_common/pico_clib_interface/newlib_interface.c.obj
                0x1000a1e8                _sbrk
 .text.exit     0x1000a21c        0x8 CMakeFiles/HOTAS.dir/home/noah/.pico-sdk/sdk/2.0.0/src/rp2_common/pico_clib_interface/newlib_interface.c.obj
                0x1000a21c                exit
 .text.runtime_init
                0x1000a224       0x2c CMakeFiles/HOTAS.dir/home/noah/.pico-sdk/sdk/2.0.0/src/rp2_common/pico_clib_interface/newlib_interface.c.obj
                0x1000a224                runtime_init
 .text.stdio_out_chars_no_crlf
                0x1000a250       0x10 CMakeFiles/HOTAS.dir/home/noah/.pico-sdk/sdk/2.0.0/src/rp2_common/pico_stdio/stdio.c.obj
 .text.stdio_out_chars_crlf
                0x1000a260       0x94 CMakeFiles/HOTAS.dir/home/noah/.pico-sdk/sdk/2.0.0/src/rp2_common/pico_stdio/stdio.c.obj
 .text.stdio_buffered_printer
                0x1000a2f4       0x64 CMakeFiles/HOTAS.dir/home/noah/.pico-sdk/sdk/2.0.0/src/rp2_common/pico_stdio/stdio.c.obj
 .text.stdio_put_string
                0x1000a358      0x100 CMakeFiles/HOTAS.dir/home/noah/.pico-sdk/sdk/2.0.0/src/rp2_common/pico_stdio/stdio.c.obj
                0x1000a358                stdio_put_string
 .text.stdio_set_driver_enabled
                0x1000a458       0x30 CMakeFiles/HOTAS.dir/home/noah/.pico-sdk/sdk/2.0.0/src/rp2_common/pico_stdio/stdio.c.obj
                0x1000a458                stdio_set_driver_enabled
 .text.stdio_init_all
                0x1000a488       0x10 CMakeFiles/HOTAS.dir/home/noah/.pico-sdk/sdk/2.0.0/src/rp2_common/pico_stdio/stdio.c.obj
                0x1000a488                stdio_init_all
 .text.__wrap_putchar
                0x1000a498       0x98 CMakeFiles/HOTAS.dir/home/noah/.pico-sdk/sdk/2.0.0/src/rp2_common/pico_stdio/stdio.c.obj
                0x1000a498                stdio_putchar
                0x1000a498                __wrap_putchar
 .text.__wrap_puts
                0x1000a530       0x3c CMakeFiles/HOTAS.dir/home/noah/.pico-sdk/sdk/2.0.0/src/rp2_common/pico_stdio/stdio.c.obj
                0x1000a530                __wrap_puts
                0x1000a530                stdio_puts
 .text.__wrap_vprintf
                0x1000a56c       0xd4 CMakeFiles/HOTAS.dir/home/noah/.pico-sdk/sdk/2.0.0/src/rp2_common/pico_stdio/stdio.c.obj
                0x1000a56c                __wrap_vprintf
                0x1000a56c                stdio_vprintf
 .text.__wrap_printf
                0x1000a640       0x18 CMakeFiles/HOTAS.dir/home/noah/.pico-sdk/sdk/2.0.0/src/rp2_common/pico_stdio/stdio.c.obj
                0x1000a640                stdio_printf
                0x1000a640                __wrap_printf
 .text.stdio_uart_out_chars
                0x1000a658       0x4c CMakeFiles/HOTAS.dir/home/noah/.pico-sdk/sdk/2.0.0/src/rp2_common/pico_stdio_uart/stdio_uart.c.obj
 .text.stdio_uart_in_chars
                0x1000a6a4       0x90 CMakeFiles/HOTAS.dir/home/noah/.pico-sdk/sdk/2.0.0/src/rp2_common/pico_stdio_uart/stdio_uart.c.obj
                0x1000a6a4                stdio_uart_in_chars
 .text.on_uart_rx
                0x1000a734       0x28 CMakeFiles/HOTAS.dir/home/noah/.pico-sdk/sdk/2.0.0/src/rp2_common/pico_stdio_uart/stdio_uart.c.obj
 .text.stdio_uart_out_flush
                0x1000a75c       0x10 CMakeFiles/HOTAS.dir/home/noah/.pico-sdk/sdk/2.0.0/src/rp2_common/pico_stdio_uart/stdio_uart.c.obj
 .text.stdio_uart_set_chars_available_callback
                0x1000a76c       0x8c CMakeFiles/HOTAS.dir/home/noah/.pico-sdk/sdk/2.0.0/src/rp2_common/pico_stdio_uart/stdio_uart.c.obj
 .text.stdio_uart_init
                0x1000a7f8       0x50 CMakeFiles/HOTAS.dir/home/noah/.pico-sdk/sdk/2.0.0/src/rp2_common/pico_stdio_uart/stdio_uart.c.obj
                0x1000a7f8                stdio_uart_init
 .text.stdio_uart_init_full
                0x1000a848       0x3c CMakeFiles/HOTAS.dir/home/noah/.pico-sdk/sdk/2.0.0/src/rp2_common/pico_stdio_uart/stdio_uart.c.obj
                0x1000a848                stdio_uart_init_full
 .text.stdio_usb_set_chars_available_callback
                0x1000a884        0x4 CMakeFiles/HOTAS.dir/home/noah/.pico-sdk/sdk/2.0.0/src/rp2_common/pico_stdio_usb/stdio_usb.c.obj
                0x1000a884                stdio_usb_set_chars_available_callback
 .text.stdio_usb_in_chars
                0x1000a888       0x90 CMakeFiles/HOTAS.dir/home/noah/.pico-sdk/sdk/2.0.0/src/rp2_common/pico_stdio_usb/stdio_usb.c.obj
                0x1000a888                stdio_usb_in_chars
 .text.stdio_usb_out_flush
                0x1000a918       0x50 CMakeFiles/HOTAS.dir/home/noah/.pico-sdk/sdk/2.0.0/src/rp2_common/pico_stdio_usb/stdio_usb.c.obj
 .text.stdio_usb_out_chars
                0x1000a968      0x104 CMakeFiles/HOTAS.dir/home/noah/.pico-sdk/sdk/2.0.0/src/rp2_common/pico_stdio_usb/stdio_usb.c.obj
 .text.stdio_usb_init
                0x1000aa6c       0x44 CMakeFiles/HOTAS.dir/home/noah/.pico-sdk/sdk/2.0.0/src/rp2_common/pico_stdio_usb/stdio_usb.c.obj
                0x1000aa6c                stdio_usb_init
 .text.startup._retrieve_unique_id_on_boot
                0x1000aab0       0x10 CMakeFiles/HOTAS.dir/home/noah/.pico-sdk/sdk/2.0.0/src/rp2_common/pico_unique_id/unique_id.c.obj
 .text.pico_get_unique_board_id
                0x1000aac0       0x10 CMakeFiles/HOTAS.dir/home/noah/.pico-sdk/sdk/2.0.0/src/rp2_common/pico_unique_id/unique_id.c.obj
                0x1000aac0                pico_get_unique_board_id
 .text.flash_get_unique_id
                0x1000aad0       0x3c CMakeFiles/HOTAS.dir/home/noah/.pico-sdk/sdk/2.0.0/src/rp2_common/hardware_flash/flash.c.obj
                0x1000aad0                flash_get_unique_id
 .text.dcd_init
                0x1000ab0c       0x8c CMakeFiles/HOTAS.dir/home/noah/.pico-sdk/sdk/2.0.0/lib/tinyusb/src/portable/raspberrypi/rp2040/dcd_rp2040.c.obj
                0x1000ab0c                dcd_init
 .text.dcd_int_enable
                0x1000ab98        0xc CMakeFiles/HOTAS.dir/home/noah/.pico-sdk/sdk/2.0.0/lib/tinyusb/src/portable/raspberrypi/rp2040/dcd_rp2040.c.obj
                0x1000ab98                dcd_int_enable
 .text.dcd_set_address
                0x1000aba4       0x14 CMakeFiles/HOTAS.dir/home/noah/.pico-sdk/sdk/2.0.0/lib/tinyusb/src/portable/raspberrypi/rp2040/dcd_rp2040.c.obj
                0x1000aba4                dcd_set_address
 .text.dcd_disconnect
                0x1000abb8       0x10 CMakeFiles/HOTAS.dir/home/noah/.pico-sdk/sdk/2.0.0/lib/tinyusb/src/portable/raspberrypi/rp2040/dcd_rp2040.c.obj
                0x1000abb8                dcd_disconnect
 .text.dcd_connect
                0x1000abc8       0x10 CMakeFiles/HOTAS.dir/home/noah/.pico-sdk/sdk/2.0.0/lib/tinyusb/src/portable/raspberrypi/rp2040/dcd_rp2040.c.obj
                0x1000abc8                dcd_connect
 .text.dcd_sof_enable
                0x1000abd8       0x1c CMakeFiles/HOTAS.dir/home/noah/.pico-sdk/sdk/2.0.0/lib/tinyusb/src/portable/raspberrypi/rp2040/dcd_rp2040.c.obj
                0x1000abd8                dcd_sof_enable
 .text.dcd_edpt0_status_complete
                0x1000abf4       0x1c CMakeFiles/HOTAS.dir/home/noah/.pico-sdk/sdk/2.0.0/lib/tinyusb/src/portable/raspberrypi/rp2040/dcd_rp2040.c.obj
                0x1000abf4                dcd_edpt0_status_complete
 .text.dcd_edpt_open
                0x1000ac10      0x108 CMakeFiles/HOTAS.dir/home/noah/.pico-sdk/sdk/2.0.0/lib/tinyusb/src/portable/raspberrypi/rp2040/dcd_rp2040.c.obj
                0x1000ac10                dcd_edpt_open
 .text.dcd_edpt_close_all
                0x1000ad18        0x8 CMakeFiles/HOTAS.dir/home/noah/.pico-sdk/sdk/2.0.0/lib/tinyusb/src/portable/raspberrypi/rp2040/dcd_rp2040.c.obj
                0x1000ad18                dcd_edpt_close_all
 .text.dcd_edpt_xfer
                0x1000ad20       0x24 CMakeFiles/HOTAS.dir/home/noah/.pico-sdk/sdk/2.0.0/lib/tinyusb/src/portable/raspberrypi/rp2040/dcd_rp2040.c.obj
                0x1000ad20                dcd_edpt_xfer
 .text.dcd_edpt_stall
                0x1000ad44       0x34 CMakeFiles/HOTAS.dir/home/noah/.pico-sdk/sdk/2.0.0/lib/tinyusb/src/portable/raspberrypi/rp2040/dcd_rp2040.c.obj
                0x1000ad44                dcd_edpt_stall
 .text.dcd_edpt_clear_stall
                0x1000ad78       0x30 CMakeFiles/HOTAS.dir/home/noah/.pico-sdk/sdk/2.0.0/lib/tinyusb/src/portable/raspberrypi/rp2040/dcd_rp2040.c.obj
                0x1000ad78                dcd_edpt_clear_stall
 .text.rp2040_usb_init
                0x1000ada8       0x40 CMakeFiles/HOTAS.dir/home/noah/.pico-sdk/sdk/2.0.0/lib/tinyusb/src/portable/raspberrypi/rp2040/rp2040_usb.c.obj
                0x1000ada8                rp2040_usb_init
 .text.hw_endpoint_xfer_start
                0x1000ade8       0x40 CMakeFiles/HOTAS.dir/home/noah/.pico-sdk/sdk/2.0.0/lib/tinyusb/src/portable/raspberrypi/rp2040/rp2040_usb.c.obj
                0x1000ade8                hw_endpoint_xfer_start
 .text.tud_vendor_control_xfer_cb
                0x1000ae28        0x4 CMakeFiles/HOTAS.dir/home/noah/.pico-sdk/sdk/2.0.0/lib/tinyusb/src/device/usbd.c.obj
                0x1000ae28                tud_vendor_control_xfer_cb
 .text.tud_event_hook_cb
                0x1000ae2c        0x4 CMakeFiles/HOTAS.dir/home/noah/.pico-sdk/sdk/2.0.0/lib/tinyusb/src/device/usbd.c.obj
                0x1000ae2c                tud_event_hook_cb
 .text.tud_sof_cb
                0x1000ae30        0x4 CMakeFiles/HOTAS.dir/home/noah/.pico-sdk/sdk/2.0.0/lib/tinyusb/src/device/usbd.c.obj
                0x1000ae30                tud_sof_cb
 .text.tud_descriptor_bos_cb
                0x1000ae34        0x4 CMakeFiles/HOTAS.dir/home/noah/.pico-sdk/sdk/2.0.0/lib/tinyusb/src/device/usbd.c.obj
                0x1000ae34                tud_descriptor_bos_cb
 .text.tud_descriptor_device_qualifier_cb
                0x1000ae38        0x4 CMakeFiles/HOTAS.dir/home/noah/.pico-sdk/sdk/2.0.0/lib/tinyusb/src/device/usbd.c.obj
                0x1000ae38                tud_descriptor_device_qualifier_cb
 .text.tud_descriptor_other_speed_configuration_cb
                0x1000ae3c        0x4 CMakeFiles/HOTAS.dir/home/noah/.pico-sdk/sdk/2.0.0/lib/tinyusb/src/device/usbd.c.obj
                0x1000ae3c                tud_descriptor_other_speed_configuration_cb
 .text.tud_mounted
                0x1000ae40       0x10 CMakeFiles/HOTAS.dir/home/noah/.pico-sdk/sdk/2.0.0/lib/tinyusb/src/device/usbd.c.obj
                0x1000ae40                tud_mounted
 .text.tud_suspended
                0x1000ae50       0x10 CMakeFiles/HOTAS.dir/home/noah/.pico-sdk/sdk/2.0.0/lib/tinyusb/src/device/usbd.c.obj
                0x1000ae50                tud_suspended
 .text.tud_disconnect
                0x1000ae60       0x14 CMakeFiles/HOTAS.dir/home/noah/.pico-sdk/sdk/2.0.0/lib/tinyusb/src/device/usbd.c.obj
                0x1000ae60                tud_disconnect
 .text.tud_connect
                0x1000ae74       0x14 CMakeFiles/HOTAS.dir/home/noah/.pico-sdk/sdk/2.0.0/lib/tinyusb/src/device/usbd.c.obj
                0x1000ae74                tud_connect
 .text.tud_init
                0x1000ae88       0xe4 CMakeFiles/HOTAS.dir/home/noah/.pico-sdk/sdk/2.0.0/lib/tinyusb/src/device/usbd.c.obj
                0x1000ae88                tud_init
 .text.tud_task_ext
                0x1000af6c      0x800 CMakeFiles/HOTAS.dir/home/noah/.pico-sdk/sdk/2.0.0/lib/tinyusb/src/device/usbd.c.obj
                0x1000af6c                tud_task_ext
 .text.usbd_open_edpt_pair
                0x1000b76c       0x9c CMakeFiles/HOTAS.dir/home/noah/.pico-sdk/sdk/2.0.0/lib/tinyusb/src/device/usbd.c.obj
                0x1000b76c                usbd_open_edpt_pair
 .text.usbd_edpt_open
                0x1000b808       0x34 CMakeFiles/HOTAS.dir/home/noah/.pico-sdk/sdk/2.0.0/lib/tinyusb/src/device/usbd.c.obj
                0x1000b808                usbd_edpt_open
 .text.usbd_edpt_claim
                0x1000b83c       0x28 CMakeFiles/HOTAS.dir/home/noah/.pico-sdk/sdk/2.0.0/lib/tinyusb/src/device/usbd.c.obj
                0x1000b83c                usbd_edpt_claim
 .text.usbd_edpt_release
                0x1000b864       0x28 CMakeFiles/HOTAS.dir/home/noah/.pico-sdk/sdk/2.0.0/lib/tinyusb/src/device/usbd.c.obj
                0x1000b864                usbd_edpt_release
 .text.usbd_edpt_xfer
                0x1000b88c       0x4c CMakeFiles/HOTAS.dir/home/noah/.pico-sdk/sdk/2.0.0/lib/tinyusb/src/device/usbd.c.obj
                0x1000b88c                usbd_edpt_xfer
 .text.usbd_edpt_busy
                0x1000b8d8       0x1c CMakeFiles/HOTAS.dir/home/noah/.pico-sdk/sdk/2.0.0/lib/tinyusb/src/device/usbd.c.obj
                0x1000b8d8                usbd_edpt_busy
 .text.usbd_edpt_stall
                0x1000b8f4       0x38 CMakeFiles/HOTAS.dir/home/noah/.pico-sdk/sdk/2.0.0/lib/tinyusb/src/device/usbd.c.obj
                0x1000b8f4                usbd_edpt_stall
 .text.usbd_edpt_stalled
                0x1000b92c       0x1c CMakeFiles/HOTAS.dir/home/noah/.pico-sdk/sdk/2.0.0/lib/tinyusb/src/device/usbd.c.obj
                0x1000b92c                usbd_edpt_stalled
 .text.tud_control_status
                0x1000b948       0x2c CMakeFiles/HOTAS.dir/home/noah/.pico-sdk/sdk/2.0.0/lib/tinyusb/src/device/usbd_control.c.obj
                0x1000b948                tud_control_status
 .text.tud_control_xfer
                0x1000b974       0xac CMakeFiles/HOTAS.dir/home/noah/.pico-sdk/sdk/2.0.0/lib/tinyusb/src/device/usbd_control.c.obj
                0x1000b974                tud_control_xfer
 .text.usbd_control_reset
                0x1000ba20       0x14 CMakeFiles/HOTAS.dir/home/noah/.pico-sdk/sdk/2.0.0/lib/tinyusb/src/device/usbd_control.c.obj
                0x1000ba20                usbd_control_reset
 .text.usbd_control_set_complete_callback
                0x1000ba34        0xc CMakeFiles/HOTAS.dir/home/noah/.pico-sdk/sdk/2.0.0/lib/tinyusb/src/device/usbd_control.c.obj
                0x1000ba34                usbd_control_set_complete_callback
 .text.usbd_control_set_request
                0x1000ba40       0x1c CMakeFiles/HOTAS.dir/home/noah/.pico-sdk/sdk/2.0.0/lib/tinyusb/src/device/usbd_control.c.obj
                0x1000ba40                usbd_control_set_request
 .text.usbd_control_xfer_cb
                0x1000ba5c       0xec CMakeFiles/HOTAS.dir/home/noah/.pico-sdk/sdk/2.0.0/lib/tinyusb/src/device/usbd_control.c.obj
                0x1000ba5c                usbd_control_xfer_cb
 .text._prep_out_transaction.isra.0
                0x1000bb48       0x5c CMakeFiles/HOTAS.dir/home/noah/.pico-sdk/sdk/2.0.0/lib/tinyusb/src/class/cdc/cdc_device.c.obj
 .text.tud_cdc_n_connected
                0x1000bba4       0x30 CMakeFiles/HOTAS.dir/home/noah/.pico-sdk/sdk/2.0.0/lib/tinyusb/src/class/cdc/cdc_device.c.obj
                0x1000bba4                tud_cdc_n_connected
 .text.tud_cdc_n_get_line_coding
                0x1000bbd4       0x1c CMakeFiles/HOTAS.dir/home/noah/.pico-sdk/sdk/2.0.0/lib/tinyusb/src/class/cdc/cdc_device.c.obj
                0x1000bbd4                tud_cdc_n_get_line_coding
 .text.tud_cdc_n_available
                0x1000bbf0       0x18 CMakeFiles/HOTAS.dir/home/noah/.pico-sdk/sdk/2.0.0/lib/tinyusb/src/class/cdc/cdc_device.c.obj
                0x1000bbf0                tud_cdc_n_available
 .text.tud_cdc_n_read
                0x1000bc08       0x98 CMakeFiles/HOTAS.dir/home/noah/.pico-sdk/sdk/2.0.0/lib/tinyusb/src/class/cdc/cdc_device.c.obj
                0x1000bc08                tud_cdc_n_read
 .text.tud_cdc_n_peek
                0x1000bca0       0x18 CMakeFiles/HOTAS.dir/home/noah/.pico-sdk/sdk/2.0.0/lib/tinyusb/src/class/cdc/cdc_device.c.obj
                0x1000bca0                tud_cdc_n_peek
 .text.tud_cdc_n_write_flush
                0x1000bcb8       0x78 CMakeFiles/HOTAS.dir/home/noah/.pico-sdk/sdk/2.0.0/lib/tinyusb/src/class/cdc/cdc_device.c.obj
                0x1000bcb8                tud_cdc_n_write_flush
 .text.tud_cdc_n_write
                0x1000bd30       0x40 CMakeFiles/HOTAS.dir/home/noah/.pico-sdk/sdk/2.0.0/lib/tinyusb/src/class/cdc/cdc_device.c.obj
                0x1000bd30                tud_cdc_n_write
 .text.tud_cdc_n_write_available
                0x1000bd70       0x18 CMakeFiles/HOTAS.dir/home/noah/.pico-sdk/sdk/2.0.0/lib/tinyusb/src/class/cdc/cdc_device.c.obj
                0x1000bd70                tud_cdc_n_write_available
 .text.cdcd_init
                0x1000bd88       0x7c CMakeFiles/HOTAS.dir/home/noah/.pico-sdk/sdk/2.0.0/lib/tinyusb/src/class/cdc/cdc_device.c.obj
                0x1000bd88                cdcd_init
 .text.cdcd_deinit
                0x1000be04       0x34 CMakeFiles/HOTAS.dir/home/noah/.pico-sdk/sdk/2.0.0/lib/tinyusb/src/class/cdc/cdc_device.c.obj
                0x1000be04                cdcd_deinit
 .text.cdcd_reset
                0x1000be38       0x4c CMakeFiles/HOTAS.dir/home/noah/.pico-sdk/sdk/2.0.0/lib/tinyusb/src/class/cdc/cdc_device.c.obj
                0x1000be38                cdcd_reset
 .text.cdcd_open
                0x1000be84       0xb0 CMakeFiles/HOTAS.dir/home/noah/.pico-sdk/sdk/2.0.0/lib/tinyusb/src/class/cdc/cdc_device.c.obj
                0x1000be84                cdcd_open
 .text.cdcd_control_xfer_cb
                0x1000bf34       0xe4 CMakeFiles/HOTAS.dir/home/noah/.pico-sdk/sdk/2.0.0/lib/tinyusb/src/class/cdc/cdc_device.c.obj
                0x1000bf34                cdcd_control_xfer_cb
 .text.cdcd_xfer_cb
                0x1000c018      0x100 CMakeFiles/HOTAS.dir/home/noah/.pico-sdk/sdk/2.0.0/lib/tinyusb/src/class/cdc/cdc_device.c.obj
                0x1000c018                cdcd_xfer_cb
 .text.tud_hid_set_protocol_cb
                0x1000c118        0x4 CMakeFiles/HOTAS.dir/home/noah/.pico-sdk/sdk/2.0.0/lib/tinyusb/src/class/hid/hid_device.c.obj
                0x1000c118                tud_hid_set_protocol_cb
 .text.tud_hid_set_idle_cb
                0x1000c11c        0x4 CMakeFiles/HOTAS.dir/home/noah/.pico-sdk/sdk/2.0.0/lib/tinyusb/src/class/hid/hid_device.c.obj
                0x1000c11c                tud_hid_set_idle_cb
 .text.tud_hid_report_complete_cb
                0x1000c120        0x4 CMakeFiles/HOTAS.dir/home/noah/.pico-sdk/sdk/2.0.0/lib/tinyusb/src/class/hid/hid_device.c.obj
                0x1000c120                tud_hid_report_complete_cb
 .text.tud_hid_report_failed_cb
                0x1000c124        0x4 CMakeFiles/HOTAS.dir/home/noah/.pico-sdk/sdk/2.0.0/lib/tinyusb/src/class/hid/hid_device.c.obj
                0x1000c124                tud_hid_report_failed_cb
 .text.tud_hid_n_report
                0x1000c128       0x80 CMakeFiles/HOTAS.dir/home/noah/.pico-sdk/sdk/2.0.0/lib/tinyusb/src/class/hid/hid_device.c.obj
                0x1000c128                tud_hid_n_report
 .text.hidd_init
                0x1000c1a8       0x14 CMakeFiles/HOTAS.dir/home/noah/.pico-sdk/sdk/2.0.0/lib/tinyusb/src/class/hid/hid_device.c.obj
                0x1000c1a8                hidd_init
 .text.hidd_deinit
                0x1000c1bc        0x4 CMakeFiles/HOTAS.dir/home/noah/.pico-sdk/sdk/2.0.0/lib/tinyusb/src/class/hid/hid_device.c.obj
                0x1000c1bc                hidd_deinit
 .text.hidd_reset
                0x1000c1c0       0x14 CMakeFiles/HOTAS.dir/home/noah/.pico-sdk/sdk/2.0.0/lib/tinyusb/src/class/hid/hid_device.c.obj
                0x1000c1c0                hidd_reset
 .text.hidd_open
                0x1000c1d4       0x88 CMakeFiles/HOTAS.dir/home/noah/.pico-sdk/sdk/2.0.0/lib/tinyusb/src/class/hid/hid_device.c.obj
                0x1000c1d4                hidd_open
 .text.hidd_control_xfer_cb
                0x1000c25c      0x1a0 CMakeFiles/HOTAS.dir/home/noah/.pico-sdk/sdk/2.0.0/lib/tinyusb/src/class/hid/hid_device.c.obj
                0x1000c25c                hidd_control_xfer_cb
 .text.hidd_xfer_cb
                0x1000c3fc       0x84 CMakeFiles/HOTAS.dir/home/noah/.pico-sdk/sdk/2.0.0/lib/tinyusb/src/class/hid/hid_device.c.obj
                0x1000c3fc                hidd_xfer_cb
 .text.fail_scsi_op.constprop.0
                0x1000c480       0x50 CMakeFiles/HOTAS.dir/home/noah/.pico-sdk/sdk/2.0.0/lib/tinyusb/src/class/msc/msc_device.c.obj
 .text.proc_read10_cmd.constprop.0
                0x1000c4d0       0xf8 CMakeFiles/HOTAS.dir/home/noah/.pico-sdk/sdk/2.0.0/lib/tinyusb/src/class/msc/msc_device.c.obj
 .text.tud_msc_set_sense
                0x1000c5c8       0x18 CMakeFiles/HOTAS.dir/home/noah/.pico-sdk/sdk/2.0.0/lib/tinyusb/src/class/msc/msc_device.c.obj
                0x1000c5c8                tud_msc_set_sense
 .text.mscd_init
                0x1000c5e0       0x14 CMakeFiles/HOTAS.dir/home/noah/.pico-sdk/sdk/2.0.0/lib/tinyusb/src/class/msc/msc_device.c.obj
                0x1000c5e0                mscd_init
 .text.mscd_reset
                0x1000c5f4       0x14 CMakeFiles/HOTAS.dir/home/noah/.pico-sdk/sdk/2.0.0/lib/tinyusb/src/class/msc/msc_device.c.obj
                0x1000c5f4                mscd_reset
 .text.mscd_open
                0x1000c608       0x64 CMakeFiles/HOTAS.dir/home/noah/.pico-sdk/sdk/2.0.0/lib/tinyusb/src/class/msc/msc_device.c.obj
                0x1000c608                mscd_open
 .text.mscd_control_xfer_cb
                0x1000c66c      0x130 CMakeFiles/HOTAS.dir/home/noah/.pico-sdk/sdk/2.0.0/lib/tinyusb/src/class/msc/msc_device.c.obj
                0x1000c66c                mscd_control_xfer_cb
 .text.mscd_xfer_cb
                0x1000c79c      0x7cc CMakeFiles/HOTAS.dir/home/noah/.pico-sdk/sdk/2.0.0/lib/tinyusb/src/class/msc/msc_device.c.obj
                0x1000c79c                mscd_xfer_cb
 .text.tu_edpt_claim
                0x1000cf68       0x50 CMakeFiles/HOTAS.dir/home/noah/.pico-sdk/sdk/2.0.0/lib/tinyusb/src/tusb.c.obj
                0x1000cf68                tu_edpt_claim
 .text.tu_edpt_release
                0x1000cfb8       0x38 CMakeFiles/HOTAS.dir/home/noah/.pico-sdk/sdk/2.0.0/lib/tinyusb/src/tusb.c.obj
                0x1000cfb8                tu_edpt_release
 .text.tu_edpt_validate
                0x1000cff0       0x7c CMakeFiles/HOTAS.dir/home/noah/.pico-sdk/sdk/2.0.0/lib/tinyusb/src/tusb.c.obj
                0x1000cff0                tu_edpt_validate
 .text.tu_edpt_bind_driver
                0x1000d06c       0x34 CMakeFiles/HOTAS.dir/home/noah/.pico-sdk/sdk/2.0.0/lib/tinyusb/src/tusb.c.obj
                0x1000d06c                tu_edpt_bind_driver
 .text.tu_fifo_config
                0x1000d0a0       0x6c CMakeFiles/HOTAS.dir/home/noah/.pico-sdk/sdk/2.0.0/lib/tinyusb/src/common/tusb_fifo.c.obj
                0x1000d0a0                tu_fifo_config
 .text.tu_fifo_count
                0x1000d10c       0x2c CMakeFiles/HOTAS.dir/home/noah/.pico-sdk/sdk/2.0.0/lib/tinyusb/src/common/tusb_fifo.c.obj
                0x1000d10c                tu_fifo_count
 .text.tu_fifo_empty
                0x1000d138       0x10 CMakeFiles/HOTAS.dir/home/noah/.pico-sdk/sdk/2.0.0/lib/tinyusb/src/common/tusb_fifo.c.obj
                0x1000d138                tu_fifo_empty
 .text.tu_fifo_remaining
                0x1000d148       0x2c CMakeFiles/HOTAS.dir/home/noah/.pico-sdk/sdk/2.0.0/lib/tinyusb/src/common/tusb_fifo.c.obj
                0x1000d148                tu_fifo_remaining
 .text.tu_fifo_read
                0x1000d174       0x9c CMakeFiles/HOTAS.dir/home/noah/.pico-sdk/sdk/2.0.0/lib/tinyusb/src/common/tusb_fifo.c.obj
                0x1000d174                tu_fifo_read
 .text.tu_fifo_read_n
                0x1000d210       0xe8 CMakeFiles/HOTAS.dir/home/noah/.pico-sdk/sdk/2.0.0/lib/tinyusb/src/common/tusb_fifo.c.obj
                0x1000d210                tu_fifo_read_n
 .text.tu_fifo_peek
                0x1000d2f8       0x80 CMakeFiles/HOTAS.dir/home/noah/.pico-sdk/sdk/2.0.0/lib/tinyusb/src/common/tusb_fifo.c.obj
                0x1000d2f8                tu_fifo_peek
 .text.tu_fifo_write
                0x1000d378       0xa8 CMakeFiles/HOTAS.dir/home/noah/.pico-sdk/sdk/2.0.0/lib/tinyusb/src/common/tusb_fifo.c.obj
                0x1000d378                tu_fifo_write
 .text.tu_fifo_write_n
                0x1000d420      0x178 CMakeFiles/HOTAS.dir/home/noah/.pico-sdk/sdk/2.0.0/lib/tinyusb/src/common/tusb_fifo.c.obj
                0x1000d420                tu_fifo_write_n
 .text.tu_fifo_clear
                0x1000d598       0x40 CMakeFiles/HOTAS.dir/home/noah/.pico-sdk/sdk/2.0.0/lib/tinyusb/src/common/tusb_fifo.c.obj
                0x1000d598                tu_fifo_clear
 .text.tu_fifo_set_overwritable
                0x1000d5d8       0x48 CMakeFiles/HOTAS.dir/home/noah/.pico-sdk/sdk/2.0.0/lib/tinyusb/src/common/tusb_fifo.c.obj
                0x1000d5d8                tu_fifo_set_overwritable
 .text.spi_init
                0x1000d620      0x13c CMakeFiles/HOTAS.dir/home/noah/.pico-sdk/sdk/2.0.0/src/rp2_common/hardware_spi/spi.c.obj
                0x1000d620                spi_init
 .text.i2c_set_baudrate
                0x1000d75c       0xc0 CMakeFiles/HOTAS.dir/home/noah/.pico-sdk/sdk/2.0.0/src/rp2_common/hardware_i2c/i2c.c.obj
                0x1000d75c                i2c_set_baudrate
 .text.i2c_init
                0x1000d81c       0x50 CMakeFiles/HOTAS.dir/home/noah/.pico-sdk/sdk/2.0.0/src/rp2_common/hardware_i2c/i2c.c.obj
                0x1000d81c                i2c_init
 .text.board_init
                0x1000d86c       0x30 CMakeFiles/HOTAS.dir/home/noah/.pico-sdk/sdk/2.0.0/lib/tinyusb/hw/bsp/rp2040/family.c.obj
                0x1000d86c                board_init
 .text.board_get_unique_id
                0x1000d89c       0x24 CMakeFiles/HOTAS.dir/home/noah/.pico-sdk/sdk/2.0.0/lib/tinyusb/hw/bsp/rp2040/family.c.obj
                0x1000d89c                board_get_unique_id
 .text._ZN14USBD_Interface19setStringDescriptorEPKc
                0x1000d8c0       0x14 CMakeFiles/HOTAS.dir/lib/usb/src/usbd_interface.cpp.obj
                0x1000d8c0                USBD_Interface::setStringDescriptor(char const*)
 .text._ZL12strcpy_utf16PKcPti.constprop.0
                0x1000d8d4      0x160 CMakeFiles/HOTAS.dir/lib/usb/src/usbd_device.cpp.obj
 .text._ZN11USBD_Device5setIDEtt
                0x1000da34        0x8 CMakeFiles/HOTAS.dir/lib/usb/src/usbd_device.cpp.obj
                0x1000da34                USBD_Device::setID(unsigned short, unsigned short)
 .text._ZN11USBD_Device25setManufacturerDescriptorEPKc
                0x1000da3c        0x8 CMakeFiles/HOTAS.dir/lib/usb/src/usbd_device.cpp.obj
                0x1000da3c                USBD_Device::setManufacturerDescriptor(char const*)
 .text._ZN11USBD_Device20setProductDescriptorEPKc
                0x1000da44        0x8 CMakeFiles/HOTAS.dir/lib/usb/src/usbd_device.cpp.obj
                0x1000da44                USBD_Device::setProductDescriptor(char const*)
 .text._ZN11USBD_Device19addStringDescriptorEPKc
                0x1000da4c       0x24 CMakeFiles/HOTAS.dir/lib/usb/src/usbd_device.cpp.obj
                0x1000da4c                USBD_Device::addStringDescriptor(char const*)
 .text._ZN11USBD_Device5readyEv
                0x1000da70       0x18 CMakeFiles/HOTAS.dir/lib/usb/src/usbd_device.cpp.obj
                0x1000da70                USBD_Device::ready()
 .text._ZN11USBD_Device6detachEv
                0x1000da88        0x8 CMakeFiles/HOTAS.dir/lib/usb/src/usbd_device.cpp.obj
                0x1000da88                USBD_Device::detach()
 .text._ZN11USBD_Device6attachEv
                0x1000da90        0x8 CMakeFiles/HOTAS.dir/lib/usb/src/usbd_device.cpp.obj
                0x1000da90                USBD_Device::attach()
 .text._ZN11USBD_Device18clearConfigurationEv
                0x1000da98       0xa0 CMakeFiles/HOTAS.dir/lib/usb/src/usbd_device.cpp.obj
                0x1000da98                USBD_Device::clearConfiguration()
 .text._ZN11USBD_Device12addInterfaceER14USBD_Interface
                0x1000db38       0x48 CMakeFiles/HOTAS.dir/lib/usb/src/usbd_device.cpp.obj
                0x1000db38                USBD_Device::addInterface(USBD_Interface&)
 .text._ZN11USBD_Device19getSerialDescriptorEPt
                0x1000db80      0x2a0 CMakeFiles/HOTAS.dir/lib/usb/src/usbd_device.cpp.obj
                0x1000db80                USBD_Device::getSerialDescriptor(unsigned short*)
 .text.tud_descriptor_device_cb
                0x1000de20        0x8 CMakeFiles/HOTAS.dir/lib/usb/src/usbd_device.cpp.obj
                0x1000de20                tud_descriptor_device_cb
 .text.tud_descriptor_configuration_cb
                0x1000de28        0xc CMakeFiles/HOTAS.dir/lib/usb/src/usbd_device.cpp.obj
                0x1000de28                tud_descriptor_configuration_cb
 .text.tud_descriptor_string_cb
                0x1000de34       0x78 CMakeFiles/HOTAS.dir/lib/usb/src/usbd_device.cpp.obj
                0x1000de34                tud_descriptor_string_cb
 .text._ZN8USBD_CDC22getInterfaceDescriptorEhPht
                0x1000deac      0x154 CMakeFiles/HOTAS.dir/lib/usb/src/usbd_cdc.cpp.obj
                0x1000deac                USBD_CDC::getInterfaceDescriptor(unsigned char, unsigned char*, unsigned short)
 .text._ZN8USBD_CDC5flushEv
                0x1000e000       0x10 CMakeFiles/HOTAS.dir/lib/usb/src/usbd_cdc.cpp.obj
                0x1000e000                USBD_CDC::flush()
 .text._ZN8USBD_CDC4peekEv
                0x1000e010       0x24 CMakeFiles/HOTAS.dir/lib/usb/src/usbd_cdc.cpp.obj
                0x1000e010                USBD_CDC::peek()
 .text._ZN8USBD_CDC4readEv
                0x1000e034       0x28 CMakeFiles/HOTAS.dir/lib/usb/src/usbd_cdc.cpp.obj
                0x1000e034                USBD_CDC::read()
 .text._ZN8USBD_CDC17availableForWriteEv
                0x1000e05c       0x14 CMakeFiles/HOTAS.dir/lib/usb/src/usbd_cdc.cpp.obj
                0x1000e05c                USBD_CDC::availableForWrite()
 .text._ZN8USBD_CDC5writeEPKhj
                0x1000e070       0x88 CMakeFiles/HOTAS.dir/lib/usb/src/usbd_cdc.cpp.obj
                0x1000e070                USBD_CDC::write(unsigned char const*, unsigned int)
 .text._ZN8USBD_CDC5writeEh
                0x1000e0f8       0xa0 CMakeFiles/HOTAS.dir/lib/usb/src/usbd_cdc.cpp.obj
                0x1000e0f8                USBD_CDC::write(unsigned char)
 .text._ZN8USBD_CDC9availableEv
                0x1000e198       0x40 CMakeFiles/HOTAS.dir/lib/usb/src/usbd_cdc.cpp.obj
                0x1000e198                USBD_CDC::available()
 .text._ZN8USBD_CDCC2Ev
                0x1000e1d8       0x18 CMakeFiles/HOTAS.dir/lib/usb/src/usbd_cdc.cpp.obj
                0x1000e1d8                USBD_CDC::USBD_CDC()
                0x1000e1d8                USBD_CDC::USBD_CDC()
 .text._ZN8USBD_CDC5beginEm
                0x1000e1f0       0x38 CMakeFiles/HOTAS.dir/lib/usb/src/usbd_cdc.cpp.obj
                0x1000e1f0                USBD_CDC::begin(unsigned long)
 .text.tud_cdc_line_state_cb
                0x1000e228       0x28 CMakeFiles/HOTAS.dir/lib/usb/src/usbd_cdc.cpp.obj
                0x1000e228                tud_cdc_line_state_cb
 .text.startup._GLOBAL__sub_I__Z5yieldv
                0x1000e250       0x1c CMakeFiles/HOTAS.dir/lib/usb/src/usbd_cdc.cpp.obj
 .text._ZN8USBD_HID22getInterfaceDescriptorEhPht
                0x1000e26c      0x154 CMakeFiles/HOTAS.dir/lib/usb/src/usbd_hid.cpp.obj
                0x1000e26c                USBD_HID::getInterfaceDescriptor(unsigned char, unsigned char*, unsigned short)
 .text._ZN8USBD_HIDC2Ev
                0x1000e3c0       0x20 CMakeFiles/HOTAS.dir/lib/usb/src/usbd_hid.cpp.obj
                0x1000e3c0                USBD_HID::USBD_HID()
                0x1000e3c0                USBD_HID::USBD_HID()
 .text._ZN8USBD_HID15setPollIntervalEh
                0x1000e3e0        0x4 CMakeFiles/HOTAS.dir/lib/usb/src/usbd_hid.cpp.obj
                0x1000e3e0                USBD_HID::setPollInterval(unsigned char)
 .text._ZN8USBD_HID15setBootProtocolEh
                0x1000e3e4        0x4 CMakeFiles/HOTAS.dir/lib/usb/src/usbd_hid.cpp.obj
                0x1000e3e4                USBD_HID::setBootProtocol(unsigned char)
 .text._ZN8USBD_HID19setReportDescriptorEPKht
                0x1000e3e8        0x8 CMakeFiles/HOTAS.dir/lib/usb/src/usbd_hid.cpp.obj
                0x1000e3e8                USBD_HID::setReportDescriptor(unsigned char const*, unsigned short)
 .text._ZN8USBD_HID17setReportCallbackEPFth17hid_report_type_tPhtEPFvhS0_PKhtE
                0x1000e3f0        0x8 CMakeFiles/HOTAS.dir/lib/usb/src/usbd_hid.cpp.obj
                0x1000e3f0                USBD_HID::setReportCallback(unsigned short (*)(unsigned char, hid_report_type_t, unsigned char*, unsigned short), void (*)(unsigned char, hid_report_type_t, unsigned char const*, unsigned short))
 .text._ZN8USBD_HID5beginEv
                0x1000e3f8       0x44 CMakeFiles/HOTAS.dir/lib/usb/src/usbd_hid.cpp.obj
                0x1000e3f8                USBD_HID::begin()
 .text._ZN8USBD_HID10sendReportEhPKvh
                0x1000e43c        0xc CMakeFiles/HOTAS.dir/lib/usb/src/usbd_hid.cpp.obj
                0x1000e43c                USBD_HID::sendReport(unsigned char, void const*, unsigned char)
 .text.tud_hid_descriptor_report_cb
                0x1000e448       0x14 CMakeFiles/HOTAS.dir/lib/usb/src/usbd_hid.cpp.obj
                0x1000e448                tud_hid_descriptor_report_cb
 .text.tud_hid_get_report_cb
                0x1000e45c       0x2c CMakeFiles/HOTAS.dir/lib/usb/src/usbd_hid.cpp.obj
                0x1000e45c                tud_hid_get_report_cb
 .text.tud_hid_set_report_cb
                0x1000e488       0x28 CMakeFiles/HOTAS.dir/lib/usb/src/usbd_hid.cpp.obj
                0x1000e488                tud_hid_set_report_cb
 .text._ZN8USBD_MSC22getInterfaceDescriptorEhPht
                0x1000e4b0       0xa8 CMakeFiles/HOTAS.dir/lib/usb/src/usbd_msc.cpp.obj
                0x1000e4b0                USBD_MSC::getInterfaceDescriptor(unsigned char, unsigned char*, unsigned short)
 .text._ZN8USBD_MSCC2Ev
                0x1000e558       0x24 CMakeFiles/HOTAS.dir/lib/usb/src/usbd_msc.cpp.obj
                0x1000e558                USBD_MSC::USBD_MSC()
                0x1000e558                USBD_MSC::USBD_MSC()
 .text._ZN8USBD_MSC5setIDEhPKcS1_S1_
                0x1000e57c       0x14 CMakeFiles/HOTAS.dir/lib/usb/src/usbd_msc.cpp.obj
                0x1000e57c                USBD_MSC::setID(unsigned char, char const*, char const*, char const*)
 .text._ZN8USBD_MSC11setCapacityEhmt
                0x1000e590       0x10 CMakeFiles/HOTAS.dir/lib/usb/src/usbd_msc.cpp.obj
                0x1000e590                USBD_MSC::setCapacity(unsigned char, unsigned long, unsigned short)
 .text._ZN8USBD_MSC12setUnitReadyEhb
                0x1000e5a0        0xc CMakeFiles/HOTAS.dir/lib/usb/src/usbd_msc.cpp.obj
                0x1000e5a0                USBD_MSC::setUnitReady(unsigned char, bool)
 .text._ZN8USBD_MSC20setReadWriteCallbackEhPFlmPvmEPFlmPhmEPFvvE
                0x1000e5ac       0x14 CMakeFiles/HOTAS.dir/lib/usb/src/usbd_msc.cpp.obj
                0x1000e5ac                USBD_MSC::setReadWriteCallback(unsigned char, long (*)(unsigned long, void*, unsigned long), long (*)(unsigned long, unsigned char*, unsigned long), void (*)())
 .text._ZN8USBD_MSC5beginEv
                0x1000e5c0       0x20 CMakeFiles/HOTAS.dir/lib/usb/src/usbd_msc.cpp.obj
                0x1000e5c0                USBD_MSC::begin()
 .text.tud_msc_get_maxlun_cb
                0x1000e5e0       0x18 CMakeFiles/HOTAS.dir/lib/usb/src/usbd_msc.cpp.obj
                0x1000e5e0                tud_msc_get_maxlun_cb
 .text.tud_msc_inquiry_cb
                0x1000e5f8       0xc8 CMakeFiles/HOTAS.dir/lib/usb/src/usbd_msc.cpp.obj
                0x1000e5f8                tud_msc_inquiry_cb
 .text.tud_msc_test_unit_ready_cb
                0x1000e6c0       0x44 CMakeFiles/HOTAS.dir/lib/usb/src/usbd_msc.cpp.obj
                0x1000e6c0                tud_msc_test_unit_ready_cb
 .text.tud_msc_capacity_cb
                0x1000e704       0x20 CMakeFiles/HOTAS.dir/lib/usb/src/usbd_msc.cpp.obj
                0x1000e704                tud_msc_capacity_cb
 .text.tud_msc_scsi_cb
                0x1000e724       0x14 CMakeFiles/HOTAS.dir/lib/usb/src/usbd_msc.cpp.obj
                0x1000e724                tud_msc_scsi_cb
 .text.tud_msc_start_stop_cb
                0x1000e738       0x2c CMakeFiles/HOTAS.dir/lib/usb/src/usbd_msc.cpp.obj
                0x1000e738                tud_msc_start_stop_cb
 .text.tud_msc_read10_cb
                0x1000e764       0x2c CMakeFiles/HOTAS.dir/lib/usb/src/usbd_msc.cpp.obj
                0x1000e764                tud_msc_read10_cb
 .text.tud_msc_write10_cb
                0x1000e790       0x2c CMakeFiles/HOTAS.dir/lib/usb/src/usbd_msc.cpp.obj
                0x1000e790                tud_msc_write10_cb
 .text.tud_msc_write10_complete_cb
                0x1000e7bc       0x20 CMakeFiles/HOTAS.dir/lib/usb/src/usbd_msc.cpp.obj
                0x1000e7bc                tud_msc_write10_complete_cb
 .text.tud_msc_is_writable_cb
                0x1000e7dc       0x24 CMakeFiles/HOTAS.dir/lib/usb/src/usbd_msc.cpp.obj
                0x1000e7dc                tud_msc_is_writable_cb
 .text._ZN8USBD_MTP22getInterfaceDescriptorEhPht
                0x1000e800       0xd0 CMakeFiles/HOTAS.dir/lib/usb/src/usbd_mtp.cpp.obj
                0x1000e800                USBD_MTP::getInterfaceDescriptor(unsigned char, unsigned char*, unsigned short)
 .text._ZN8USBD_MTPC2Ev
                0x1000e8d0       0x14 CMakeFiles/HOTAS.dir/lib/usb/src/usbd_mtp.cpp.obj
                0x1000e8d0                USBD_MTP::USBD_MTP()
                0x1000e8d0                USBD_MTP::USBD_MTP()
 .text.free     0x1000e8e4       0x14 /home/noah/.pico-sdk/toolchain/13_2_Rel1/bin/../lib/gcc/arm-none-eabi/13.2.1/../../../../arm-none-eabi/lib/thumb/v6-m/nofp/libg.a(libc_a-malloc.o)
                0x1000e8e4                free
 .text._malloc_r
                0x1000e8f8      0x5c4 /home/noah/.pico-sdk/toolchain/13_2_Rel1/bin/../lib/gcc/arm-none-eabi/13.2.1/../../../../arm-none-eabi/lib/thumb/v6-m/nofp/libg.a(libc_a-mallocr.o)
                0x1000e8f8                _malloc_r
 .text.memmove  0x1000eebc       0xb0 /home/noah/.pico-sdk/toolchain/13_2_Rel1/bin/../lib/gcc/arm-none-eabi/13.2.1/../../../../arm-none-eabi/lib/thumb/v6-m/nofp/libg.a(libc_a-memmove.o)
                0x1000eebc                memmove
 .text.__retarget_lock_acquire_recursive
                0x1000ef6c        0x4 /home/noah/.pico-sdk/toolchain/13_2_Rel1/bin/../lib/gcc/arm-none-eabi/13.2.1/../../../../arm-none-eabi/lib/thumb/v6-m/nofp/libg.a(libc_a-lock.o)
                0x1000ef6c                __retarget_lock_acquire_recursive
 .text.__retarget_lock_release_recursive